Archive member included because of file (symbol)

c:/program files (x86)/microchip/mplab c30/bin/../lib\libpic30-elf.a(crt1.eo)
                              (__resetALT)
c:/program files (x86)/microchip/mplab c30/bin/../lib\libpic30-elf.a(crt0.eo)
                              (__resetPRI)
c:/program files (x86)/microchip/mplab c30/bin/../lib\libm-elf.a(floatsisf.eo)
                              build/default/production/_ext/2052775544/utility.o (___floatsisf)
c:/program files (x86)/microchip/mplab c30/bin/../lib\libm-elf.a(mulsf3.eo)
                              build/default/production/_ext/2052775544/utility.o (___mulsf3)
c:/program files (x86)/microchip/mplab c30/bin/../lib\libm-elf.a(divsf3.eo)
                              build/default/production/_ext/2052775544/utility.o (___divsf3)
c:/program files (x86)/microchip/mplab c30/bin/../lib\libm-elf.a(fixunssfsi.eo)
                              build/default/production/_ext/2052775544/utility.o (___fixunssfsi)
c:/program files (x86)/microchip/mplab c30/bin/../lib\libm-elf.a(addsf3.eo)
                              build/default/production/_ext/397001055/e_acc.o (___subsf3)
c:/program files (x86)/microchip/mplab c30/bin/../lib\libm-elf.a(divsi3.eo)
                              build/default/production/_ext/397001055/e_acc.o (___divsi3)
c:/program files (x86)/microchip/mplab c30/bin/../lib\libm-elf.a(sqrtf.eo)
                              build/default/production/_ext/397001055/e_acc.o (_sqrtf)
c:/program files (x86)/microchip/mplab c30/bin/../lib\libm-elf.a(atan2f.eo)
                              build/default/production/_ext/397001055/e_acc.o (_atan2f)
c:/program files (x86)/microchip/mplab c30/bin/../lib\libm-elf.a(feqltle.eo)
                              build/default/production/_ext/397001055/e_acc.o (___ltsf2)
c:/program files (x86)/microchip/mplab c30/bin/../lib\libm-elf.a(fgtge.eo)
                              build/default/production/_ext/397001055/e_acc.o (___gtsf2)
c:/program files (x86)/microchip/mplab c30/bin/../lib\libm-elf.a(fixsfsi.eo)
                              build/default/production/_ext/397001055/e_acc.o (_(float, int, long long, short, float, short, int))
c:/program files (x86)/microchip/mplab c30/bin/../lib\libm-elf.a(fne.eo)
                              build/default/production/_ext/397001055/e_acc.o (___nesf2)
c:/program files (x86)/microchip/mplab c30/bin/../lib\libm-elf.a(logf.eo)
                              build/default/production/_ext/1472/util_legacy.o (_logf)
c:/program files (x86)/microchip/mplab c30/bin/../lib\libm-elf.a(cosf.eo)
                              build/default/production/_ext/1472/util_legacy.o (_cosf)
c:/program files (x86)/microchip/mplab c30/bin/../lib\libm-elf.a(fpack.eo)
                              c:/program files (x86)/microchip/mplab c30/bin/../lib\libm-elf.a(floatsisf.eo) (__fpack)
c:/program files (x86)/microchip/mplab c30/bin/../lib\libm-elf.a(funpack2.eo)
                              c:/program files (x86)/microchip/mplab c30/bin/../lib\libm-elf.a(mulsf3.eo) (__funpack2)
c:/program files (x86)/microchip/mplab c30/bin/../lib\libm-elf.a(futil.eo)
                              c:/program files (x86)/microchip/mplab c30/bin/../lib\libm-elf.a(mulsf3.eo) (__fPropagateNaN)
c:/program files (x86)/microchip/mplab c30/bin/../lib\libm-elf.a(funpack.eo)
                              c:/program files (x86)/microchip/mplab c30/bin/../lib\libm-elf.a(fixunssfsi.eo) (__funpack)
c:/program files (x86)/microchip/mplab c30/bin/../lib\libm-elf.a(udivsi3.eo)
                              c:/program files (x86)/microchip/mplab c30/bin/../lib\libm-elf.a(divsi3.eo) (___udivsi3)
c:/program files (x86)/microchip/mplab c30/bin/../lib\libm-elf.a(errno.eo)
                              c:/program files (x86)/microchip/mplab c30/bin/../lib\libm-elf.a(sqrtf.eo) (_errno)
c:/program files (x86)/microchip/mplab c30/bin/../lib\libm-elf.a(atanf.eo)
                              c:/program files (x86)/microchip/mplab c30/bin/../lib\libm-elf.a(atan2f.eo) (_atanf)
c:/program files (x86)/microchip/mplab c30/bin/../lib\libm-elf.a(fcompare.eo)
                              c:/program files (x86)/microchip/mplab c30/bin/../lib\libm-elf.a(feqltle.eo) (__fcompare)
c:/program files (x86)/microchip/mplab c30/bin/../lib\libm-elf.a(_frexpf.eo)
                              c:/program files (x86)/microchip/mplab c30/bin/../lib\libm-elf.a(logf.eo) (__frexpf)
c:/program files (x86)/microchip/mplab c30/bin/../lib\libm-elf.a(sincosf.eo)
                              c:/program files (x86)/microchip/mplab c30/bin/../lib\libm-elf.a(cosf.eo) (__sincosf)
c:/program files (x86)/microchip/mplab c30/bin/../lib\libm-elf.a(fmodf.eo)
                              c:/program files (x86)/microchip/mplab c30/bin/../lib\libm-elf.a(sincosf.eo) (_fmodf)
c:/program files (x86)/microchip/mplab c30/bin/../lib\libm-elf.a(fmodrem.eo)
[...]
Memory Configuration

Name             Origin             Length             Attributes
data             0x000800           0x001fa0           a !xr
program          0x000100           0x017f00           xr
reset            0x000000           0x000004  
ivt              0x000004           0x00007c  
aivt             0x000084           0x00007c  
__FOSC           0xf80000           0x000002  
__FWDT           0xf80002           0x000002  
__FBORPOR        0xf80004           0x000002  
__FBS            0xf80006           0x000002  
__FSS            0xf80008           0x000002  
__FGS            0xf8000a           0x000002  
__FUID0          0x8005c0           0x000002  
__FUID1          0x8005c2           0x000002  
__FUID2          0x8005c4           0x000002  
__FUID3          0x8005c6           0x000002  
eedata           0x7ff000           0x001000  
*default*        0x000000           0xffffffff  

Linker script and memory map

LOAD build/default/production/_ext/1472/DataEEPROM.o
LOAD build/default/production/_ext/530036627/e_led.o
LOAD build/default/production/_ext/530036627/e_motors.o
LOAD build/default/production/_ext/397001055/e_ad_conv.o
LOAD build/default/production/_ext/2052775544/utility.o
LOAD build/default/production/_ext/1017039718/e_I2C_master_module.o
LOAD build/default/production/_ext/1605571125/e_common.o
LOAD build/default/production/_ext/397001055/e_acc.o
LOAD build/default/production/_ext/1464817730/e_uart1_tx_char.o
LOAD build/default/production/_ext/1464817730/e_uart2_tx_char.o
LOAD build/default/production/_ext/1464817730/e_uart2_rx_char.o
LOAD build/default/production/_ext/1464817730/e_uart1_rx_char.o
LOAD build/default/production/_ext/530036627/e_remote_control.o
LOAD build/default/production/_ext/250871475/e_init_port.o
LOAD build/default/production/_ext/530036627/e_agenda.o
LOAD build/default/production/_ext/1017039718/e_I2C_protocol.o
LOAD build/default/production/_ext/397001055/e_prox.o
LOAD build/default/production/_ext/1851510750/e_sound.o
LOAD build/default/production/_ext/1605571125/e_po6030k_registers.o
LOAD build/default/production/_ext/1605571125/e_po3030k_registers.o
LOAD build/default/production/_ext/1605571125/e_po8030d_registers.o
LOAD build/default/production/_ext/1851510750/e_sub_dci_kickoff.o
LOAD build/default/production/_ext/1851510750/e_init_dci_master.o
LOAD build/default/production/_ext/1851510750/e_init_codec_slave.o
LOAD build/default/production/_ext/397001055/e_micro.o
LOAD build/default/production/_ext/2121333946/e_bluetooth.o
LOAD build/default/production/_ext/1605571125/e_calc_po3030k.o
LOAD build/default/production/_ext/1605571125/e_calc_po6030k.o
LOAD build/default/production/_ext/1605571125/e_calc_po8030d.o
LOAD build/default/production/_ext/1605571125/e_timers.o
LOAD build/default/production/_ext/1464817730/e_init_uart1.o
LOAD build/default/production/_ext/1464817730/e_init_uart2.o
LOAD build/default/production/_ext/1851510750/e_const_sound.o
LOAD build/default/production/_ext/1851510750/e_isr_dci.o
LOAD build/default/production/_ext/1605571125/e_interrupt.o
LOAD build/default/production/_ext/623535137/e_lsm330.o
LOAD build/default/production/_ext/1472/escape.o
LOAD build/default/production/_ext/1472/main_esc.o
LOAD build/default/production/_ext/1472/util.o
LOAD build/default/production/_ext/1472/util_legacy.o
                    0x0001                  __MPLAB_BUILD = 0x1
                    0xf80000                  __FOSC = 0xf80000
                    0xf80002                  __FWDT = 0xf80002
                    0xf80004                  __FBORPOR = 0xf80004
                    0xf80006                  __FBS = 0xf80006
                    0xf80008                  __FSS = 0xf80008
                    0xf8000a                  __FGS = 0xf8000a
                    0x8005c0                  __FUID0 = 0x8005c0
                    0x8005c2                  __FUID1 = 0x8005c2
                    0x8005c4                  __FUID2 = 0x8005c4
                    0x8005c6                  __FUID3 = 0x8005c6
                    0x0000                  __RESET_BASE = 0x0
                    0x0004                  __IVT_BASE = 0x4
                    0x0084                  __AIVT_BASE = 0x84
                    0x0100                  __CODE_BASE = 0x100
                    0x0000                  __SFR_BASE = 0x0
                    0x0800                  __DATA_BASE = 0x800
                    0x1800                  __YDATA_BASE = 0x1800

.reset            0x000000          0x4
                  0x000000          0x2 SHORT 0x118 <code 336> (__reset)
                  0x000001          0x2 SHORT 0x4
                  0x000002          0x2 SHORT 0x0 ((<code 336> (__reset) >> 0x10) & 0x7f)
                  0x000003          0x2 SHORT 0x0

.text             0x000100       0x80ba
 *(.handle)
 .handle          0x000100         0x18 jump_table
 *(.libc)
 .libc            0x000118         0x80 c:/program files (x86)/microchip/mplab c30/bin/../lib\libpic30-elf.a(crt0.eo)
                  0x000118                  __resetPRI
                  0x000118                  __reset
                  0x00012c                  __psv_init
                  0x00013c                  __data_init
 .libc            0x000198         0xa2 c:/program files (x86)/microchip/mplab c30/bin/../lib\libc-elf.a(malloc.eo)
                  0x000198                  _malloc
 .libc            0x00023a         0x24 c:/program files (x86)/microchip/mplab c30/bin/../lib\libc-elf.a(exit.eo)
                  0x00023a                  _exit
 .libc            0x00025e         0x66 c:/program files (x86)/microchip/mplab c30/bin/../lib\libc-elf.a(free.eo)
                  0x00025e                  _free
 .libc            0x0002c4        0x128 c:/program files (x86)/microchip/mplab c30/bin/../lib\libc-elf.a(xstoul.eo)
                  0x0002c4                  __Stoul
 .libc            0x0003ec          0xe c:/program files (x86)/microchip/mplab c30/bin/../lib\libc-elf.a(strlen.eo)
                  0x0003ec                  _strlen
 .libc            0x0003fa         0x20 c:/program files (x86)/microchip/mplab c30/bin/../lib\libc-elf.a(srand.eo)
                  0x0003fa                  _srand
 .libc            0x00041a         0xaa c:/program files (x86)/microchip/mplab c30/bin/../lib\libc-elf.a(rand.eo)
                  0x00041a                  _rand
 .libc            0x0004c4         0x2e c:/program files (x86)/microchip/mplab c30/bin/../lib\libc-elf.a(sprintf.eio)
                  0x0004c4                  sprintf.eio:_prout
                  0x0004d0                  __isprintf
 .libc            0x0004f2          0xe c:/program files (x86)/microchip/mplab c30/bin/../lib\libc-elf.a(xgetmem.eo)
                  0x0004f2                  __Getmem
 .libc            0x000500         0x10 c:/program files (x86)/microchip/mplab c30/bin/../lib\libc-elf.a(isspace.eos)
                  0x000500                  _isspace
 .libc            0x000510          0xe c:/program files (x86)/microchip/mplab c30/bin/../lib\libc-elf.a(tolower.eos)
                  0x000510                  _tolower
 .libc            0x00051e         0x14 c:/program files (x86)/microchip/mplab c30/bin/../lib\libc-elf.a(memchr.eo)
                  0x00051e                  _memchr
 .libc            0x000532         0x12 c:/program files (x86)/microchip/mplab c30/bin/../lib\libc-elf.a(memcpy.eo)
                  0x000532                  _memcpy
 .libc            0x000544        0x170 c:/program files (x86)/microchip/mplab c30/bin/../lib\libc-elf.a(xprintf.eio)
                  0x000544                  ___iPrintf
 .libc            0x0006b4          0xa c:/program files (x86)/microchip/mplab c30/bin/../lib\libc-elf.a(xvacopy.eo)
                  0x0006b4                  __Vacopy
 .libc            0x0006be         0x10 c:/program files (x86)/microchip/mplab c30/bin/../lib\libc-elf.a(strchr.eo)
                  0x0006be                  _strchr
 .libc            0x0006ce        0x294 c:/program files (x86)/microchip/mplab c30/bin/../lib\libc-elf.a(xputfld.eio)
                  0x0006ce                  ___iPutfld
 .libc            0x000962        0x194 c:/program files (x86)/microchip/mplab c30/bin/../lib\libc-elf.a(xputtxt.eo)
                  0x000962                  __Puttxt
 .libc            0x000af6        0x166 c:/program files (x86)/microchip/mplab c30/bin/../lib\libc-elf.a(xlitob.eo)
                  0x000af6                  __Litob
 .libc            0x000c5c         0x10 c:/program files (x86)/microchip/mplab c30/bin/../lib\libpic30-elf.a(_exit.eo)
                  0x000c5c                  __exit
 .libc            0x000c6c         0x2c c:/program files (x86)/microchip/mplab c30/bin/../lib\libpic30-elf.a(sbrk.eo)
                  0x000c6c                  _sbrk
 .libc            0x000c98         0x1e c:/program files (x86)/microchip/mplab c30/bin/../lib\libpic30-elf.a(brk.eo)
                  0x000c98                  _brk
 *(.libm)
 .libm            0x000cb6         0x56 c:/program files (x86)/microchip/mplab c30/bin/../lib\libm-elf.a(floatsisf.eo)
                  0x000cb6                  ___floatsisf
 .libm            0x000d0c         0x68 c:/program files (x86)/microchip/mplab c30/bin/../lib\libm-elf.a(mulsf3.eo)
                  0x000d0c                  ___mulsf3
 .libm            0x000d74         0x84 c:/program files (x86)/microchip/mplab c30/bin/../lib\libm-elf.a(divsf3.eo)
                  0x000d74                  ___divsf3
 .libm            0x000df8         0x36 c:/program files (x86)/microchip/mplab c30/bin/../lib\libm-elf.a(fixunssfsi.eo)
                  0x000df8                  ___fixunssfsi
 .libm            0x000e2e         0xbc c:/program files (x86)/microchip/mplab c30/bin/../lib\libm-elf.a(addsf3.eo)
                  0x000e2e                  ___subsf3
                  0x000e30                  ___addsf3
 .libm            0x000eea         0x1e c:/program files (x86)/microchip/mplab c30/bin/../lib\libm-elf.a(divsi3.eo)
                  0x000eea                  ___divsi3
 .libm            0x000f08         0x6a c:/program files (x86)/microchip/mplab c30/bin/../lib\libm-elf.a(sqrtf.eo)
                  0x000f08                  _sqrtf
 .libm            0x000f72         0x3a c:/program files (x86)/microchip/mplab c30/bin/../lib\libm-elf.a(atan2f.eo)
                  0x000f72                  _atan2f
 .libm            0x000fac          0x4 c:/program files (x86)/microchip/mplab c30/bin/../lib\libm-elf.a(feqltle.eo)
                  0x000fac                  ___eqsf2
                  0x000fac                  ___ltsf2
                  0x000fac                  ___lesf2
 .libm            0x000fb0          0x4 c:/program files (x86)/microchip/mplab c30/bin/../lib\libm-elf.a(fgtge.eo)
                  0x000fb0                  ___gesf2
                  0x000fb0                  ___gtsf2
 .libm            0x000fb4         0x42 c:/program files (x86)/microchip/mplab c30/bin/../lib\libm-elf.a(fixsfsi.eo)
                  0x000fb4                  _(float, int, long long, short, float, short, int)
 .libm            0x000ff6          0x4 c:/program files (x86)/microchip/mplab c30/bin/../lib\libm-elf.a(fne.eo)
                  0x000ff6                  ___nesf2
 .libm            0x000ffa         0xae c:/program files (x86)/microchip/mplab c30/bin/../lib\libm-elf.a(logf.eo)
                  0x000ffa                  _logf
 .libm            0x0010a8          0x4 c:/program files (x86)/microchip/mplab c30/bin/../lib\libm-elf.a(cosf.eo)
                  0x0010a8                  _cosf
 .libm            0x0010ac         0x4c c:/program files (x86)/microchip/mplab c30/bin/../lib\libm-elf.a(fpack.eo)
                  0x0010ac                  __fpack
 .libm            0x0010f8         0x10 c:/program files (x86)/microchip/mplab c30/bin/../lib\libm-elf.a(funpack2.eo)
                  0x0010f8                  __funpack2
 .libm            0x001108         0x20 c:/program files (x86)/microchip/mplab c30/bin/../lib\libm-elf.a(futil.eo)
                  0x001108                  __fPropagateNaN
                  0x00111a                  __fbopExit
                  0x001122                  __fbopReturnNaN
 .libm            0x001128         0x2a c:/program files (x86)/microchip/mplab c30/bin/../lib\libm-elf.a(funpack.eo)
                  0x001128                  __funpack
 .libm            0x001152         0x20 c:/program files (x86)/microchip/mplab c30/bin/../lib\libm-elf.a(udivsi3.eo)
                  0x001152                  ___udivsi3
 .libm            0x001172         0xca c:/program files (x86)/microchip/mplab c30/bin/../lib\libm-elf.a(atanf.eo)
                  0x001172                  _atanf
 .libm            0x00123c         0x36 c:/program files (x86)/microchip/mplab c30/bin/../lib\libm-elf.a(fcompare.eo)
                  0x00123c                  __fcompare
 .libm            0x001272         0x1a c:/program files (x86)/microchip/mplab c30/bin/../lib\libm-elf.a(_frexpf.eo)
                  0x001272                  __frexpf
 .libm            0x00128c         0xd2 c:/program files (x86)/microchip/mplab c30/bin/../lib\libm-elf.a(sincosf.eo)
                  0x00128c                  __sincosf
 .libm            0x00135e          0x4 c:/program files (x86)/microchip/mplab c30/bin/../lib\libm-elf.a(fmodf.eo)
                  0x00135e                  _fmodf
 .libm            0x001362         0x9e c:/program files (x86)/microchip/mplab c30/bin/../lib\libm-elf.a(fmodrem.eo)
                  0x001362                  __fmodrem
 .libm            0x001400          0xc c:/program files (x86)/microchip/mplab c30/bin/../lib\libm-elf.a(mulsi3.eo)
                  0x001400                  ___mulsi3
 .libm            0x00140c        0x230 c:/program files (x86)/microchip/mplab c30/bin/../lib\libm-elf.a(divmoddi3.eo)
                  0x001432                  ___udivmoddi3
                  0x001514                  ___udivdi3
                  0x001522                  ___umoddi3
                  0x00152a                  ___divdi3
                  0x001560                  ___moddi3
 .libm            0x00163c         0x5c c:/program files (x86)/microchip/mplab c30/bin/../lib\libm-elf.a(muldi3.eo)
                  0x00163c                  ___muldi3
 .libm            0x001698         0x44 c:/program files (x86)/microchip/mplab c30/bin/../lib\libm-elf.a(umuldi3.eo)
                  0x001698                  ___umuldi3
 *(.libdsp)
 *(.lib*)
 *(.text)
 .text            0x0016dc         0xae build/default/production/_ext/1472/DataEEPROM.o
                  0x0016dc                  _ReadEE
                  0x0016f6                  _EraseEE
                  0x00173e                  _WriteEE
 .text            0x00178a        0x8e6 build/default/production/_ext/530036627/e_led.o
                  0x00178a                  _e_set_led
                  0x001ae0                  _e_led_clear
                  0x001af6                  _e_set_body_led
                  0x001b3a                  _e_set_front_led
                  0x001b7a                  _e_blink_led
                  0x001c8c                  _e_blink_led0
                  0x001cb8                  _e_blink_led1
                  0x001cde                  _e_blink_led2
                  0x001d00                  _e_blink_led3
                  0x001d28                  _e_blink_led4
                  0x001d4c                  _e_blink_led5
                  0x001d76                  _e_blink_led6
                  0x001da2                  _e_blink_led7
                  0x001dc8                  _e_start_led_blinking
                  0x001dd8                  _e_stop_led_blinking
                  0x001de4                  _e_set_blinking_cycle
                  0x001df8                  _snake_led
                  0x001e68                  _flow_led
                  0x001ef0                  _k2000_led
                  0x001f90                  _right_led
                  0x002000                  _left_led
 .text            0x002070        0x358 build/default/production/_ext/530036627/e_motors.o
                  0x002070                  _run_left_motor
                  0x002158                  _run_right_motor
                  0x002240                  _e_init_motors
                  0x002256                  _e_set_speed_left
                  0x0022da                  _e_set_speed_right
                  0x00235e                  _e_set_speed
                  0x0023a0                  _e_get_steps_left
                  0x0023a8                  _e_set_steps_left
                  0x0023b4                  _e_get_steps_right
                  0x0023bc                  _e_set_steps_right
 .text            0x0023c8        0x63c build/default/production/_ext/397001055/e_ad_conv.o
                  0x0023c8                  _e_init_ad_scan
                  0x0024cc                  __ADCInterrupt
                  0x0029dc                  _e_ad_is_acquisition_completed
                  0x0029e8                  _e_ad_is_array_filled
                  0x0029f4                  _e_ad_scan_on
                  0x0029fc                  _e_ad_scan_off
 .text            0x002a04        0x132 build/default/production/_ext/2052775544/utility.o
                  0x002a04                  _wait
                  0x002a26                  _getselector
                  0x002a5e                  _getBatteryValueRaw
                  0x002a80                  _getBatteryValuePercentage
                  0x002ac0                  _resetTime
                  0x002aca                  _getDiffTimeMs
                  0x002af8                  _getDiffTimeMsAndReset
 .text            0x002b36        0x386 build/default/production/_ext/1017039718/e_I2C_master_module.o
                  0x002b36                  _idle_i2c
                  0x002b66                  _e_i2c_init
                  0x002ba0                  _e_i2c_deinit
                  0x002bb2                  _e_i2c_reset
                  0x002bfe                  _e_i2c_enable
                  0x002c0a                  _e_i2c_disable
                  0x002c16                  _e_i2c_start
                  0x002c5e                  _e_i2c_restart
                  0x002ca6                  _e_i2c_stop
                  0x002ce0                  _e_i2c_ack
                  0x002d4a                  _e_i2c_nack
                  0x002db4                  _e_i2c_read
                  0x002e64                  _e_i2c_write
                  0x002ea2                  __MI2CInterrupt
 .text            0x002ebc        0x2de build/default/production/_ext/1605571125/e_common.o
                  0x002ebc                  _e_poxxxx_config_cam
                  0x002f36                  _e_poxxxx_set_mirror
                  0x002f7a                  _e_poxxxx_write_cam_registers
                  0x002f8e                  _e_poxxxx_init_cam
                  0x00305c                  _e_poxxxx_get_orientation
                  0x0030c2                  _e_poxxxx_set_awb_ae
                  0x003106                  _e_poxxxx_set_rgb_gain
                  0x003156                  _e_poxxxx_set_exposure
                  0x003192                  _getCameraVersion
 .text            0x00319a        0x7b6 build/default/production/_ext/397001055/e_acc.o
                  0x00319a                  _e_get_acc
                  0x003288                  _e_get_acc_filtered
                  0x0033ce                  _calculate_acc_raw
                  0x00341a                  _calculate_acc_spherical
                  0x003532                  _e_acc_calibr
                  0x003576                  _e_read_acc_spheric
                  0x0035b4                  _e_read_inclination
                  0x0035c0                  _e_read_orientation
                  0x0035cc                  _e_read_acc
                  0x0035d8                  _e_read_acc_xyz
                  0x0035fc                  _e_read_acc_x
                  0x003606                  _e_read_acc_y
                  0x003610                  _e_read_acc_z
                  0x00361a                  _e_display_angle
 .text            0x003950         0x60 build/default/production/_ext/1464817730/e_uart1_tx_char.o
                  0x003950                  __U1TXInterrupt
                  0x003994                  _e_send_uart1_char
                  0x0039ac                  _e_uart1_sending
 .text            0x0039b0         0x60 build/default/production/_ext/1464817730/e_uart2_tx_char.o
                  0x0039b0                  __U2TXInterrupt
                  0x0039f4                  _e_send_uart2_char
                  0x003a0c                  _e_uart2_sending
 .text            0x003a10         0x42 build/default/production/_ext/1464817730/e_uart2_rx_char.o
                  0x003a10                  __U2RXInterrupt
                  0x003a2e                  _e_ischar_uart2
                  0x003a36                  _e_getchar_uart2
 .text            0x003a52         0x42 build/default/production/_ext/1464817730/e_uart1_rx_char.o
                  0x003a52                  __U1RXInterrupt
                  0x003a70                  _e_ischar_uart1
                  0x003a78                  _e_getchar_uart1
 .text            0x003a94        0x17e build/default/production/_ext/530036627/e_remote_control.o
                  0x003a94                  _e_init_remote_control
                  0x003aa2                  __INT0Interrupt
                  0x003ae4                  _e_read_remote_control
                  0x003bee                  _e_get_check
                  0x003bfa                  _e_get_address
                  0x003c06                  _e_get_data
 .text            0x003c12         0xd8 build/default/production/_ext/250871475/e_init_port.o
                  0x003c12                  _testAccGyroPresence
                  0x003c46                  _e_init_port
                  0x003cde                  _isEpuckVersion1_3
 .text            0x003cea        0x21c build/default/production/_ext/530036627/e_agenda.o
                  0x003cea                  _e_start_agendas_processing
                  0x003d0c                  _e_end_agendas_processing
                  0x003d14                  _e_activate_agenda
                  0x003d78                  _e_destroy_agenda
                  0x003dca                  _e_set_agenda_cycle
                  0x003e00                  _e_reset_agenda
                  0x003e34                  _e_pause_agenda
                  0x003e68                  _e_restart_agenda
                  0x003e9c                  __T2Interrupt
 .text            0x003f06         0xca build/default/production/_ext/1017039718/e_I2C_protocol.o
                  0x003f06                  _e_i2cp_init
                  0x003f10                  _e_i2cp_deinit
                  0x003f1a                  _e_i2cp_enable
                  0x003f24                  _e_i2cp_disable
                  0x003f2e                  _e_i2cp_read
                  0x003f88                  _e_i2cp_write
 .text            0x003fd0        0x168 build/default/production/_ext/397001055/e_prox.o
                  0x003fd0                  _e_calibrate_ir
                  0x0040ae                  _e_get_prox
                  0x0040d8                  _e_get_calibrated_prox
                  0x004118                  _e_get_ambient_light
 .text            0x004138         0x3c build/default/production/_ext/1851510750/e_sound.o
                  0x004138                  _e_init_sound
                  0x004156                  _e_play_sound
                  0x00416c                  _e_close_sound
 .text            0x004174        0x400 build/default/production/_ext/1605571125/e_po6030k_registers.o
                  0x004174                  _e_po6030k_set_bank
                  0x00418e                  _e_po6030k_write_register
                  0x0041b0                  _e_po6030k_read_register
                  0x0041d2                  _e_po6030k_set_bayer_clkdiv
                  0x0041e2                  _e_po6030k_set_pclkdiv
                  0x004316                  _e_po6030k_set_mode
                  0x00436e                  _e_po6030k_set_wx
                  0x0043c4                  _e_po6030k_set_wy
                  0x0043d0                  _e_po6030k_set_vsync
                  0x004430                  _e_po6030k_set_sketch_mode
                  0x00448e                  _e_po6030k_set_mirror
                  0x0044c8                  _e_po6030k_set_awb_ae
                  0x004510                  _e_po6030k_set_rgb_gain
                  0x004534                  _e_po6030k_set_exposure
 .text            0x004574        0x956 build/default/production/_ext/1605571125/e_po3030k_registers.o
                  0x004574                  _e_po3030k_write_cam_registers
                  0x0045a8                  _e_po3030k_read_cam_registers
                  0x0045e0                  _e_po3030k_set_color_mode
                  0x004624                  _e_po3030k_set_sampling_mode
                  0x004652                  _e_po3030k_set_speed
                  0x00469c                  _e_po3030k_set_wx
                  0x0046fa                  _e_po3030k_set_wy
                  0x004752                  _e_po3030k_set_vsync
                  0x0047d0                  _e_po3030k_set_mirror
                  0x00480e                  _e_po3030k_set_register
                  0x004848                  _e_po3030k_get_register
                  0x004884                  _e_po3030k_set_bias
                  0x00489a                  _e_po3030k_set_color_gain
                  0x0048da                  _e_po3030k_set_integr_time
                  0x004908                  _e_po3030k_set_adc_offset
                  0x004916                  _e_po3030k_set_sepia
                  0x00493c                  _e_po3030k_set_lens_gain
                  0x00495a                  _e_po3030k_set_edge_prop
                  0x004976                  _e_po3030k_set_gamma_coef
                  0x0049c0                  _e_po3030k_write_gamma_coef
                  0x0049ea                  _e_po3030k_sync_register_array
                  0x004a48                  _e_po3030k_SetColorMatrix
                  0x004a74                  _e_po3030k_set_cb_cr_gain
                  0x004a8a                  _e_po3030k_set_brigh_contr
                  0x004aa0                  _e_po3030k_set_sepia_tone
                  0x004ab6                  _e_po3030k_set_ww
                  0x004ad0                  _e_po3030k_set_awb_ae_tol
                  0x004af2                  _e_po3030k_set_ae_speed
                  0x004b16                  _e_po3030k_set_exposure
                  0x004b42                  _e_po3030k_set_ref_exposure
                  0x004b50                  _e_po3030k_set_max_min_exp
                  0x004b7e                  _e_po3030k_set_max_min_awb
                  0x004bb4                  _e_po3030k_set_weight_win
                  0x004c7a                  _e_po3030k_set_awb_ae
                  0x004cb8                  _e_po3030k_set_flicker_mode
                  0x004cde                  _e_po3030k_set_flicker_detection
                  0x004de8                  _e_po3030k_set_flicker_man_set
 .text            0x004eca        0x41e build/default/production/_ext/1605571125/e_po8030d_registers.o
                  0x004eca                  _e_po8030d_set_bank
                  0x004ee4                  _e_po8030d_write_register
                  0x004f06                  _e_po8030d_read_register
                  0x004f28                  _testWriteReg
                  0x004f48                  _enablePO8030
                  0x004f94                  _init_po8030
                  0x004fa8                  _e_po8030d_set_bayer_clkdiv
                  0x004fb8                  _e_po8030d_set_pclkdiv
                  0x0050bc                  _e_po8030d_set_mode
                  0x005114                  _e_po8030d_set_wx
                  0x00516a                  _e_po8030d_set_wy
                  0x005176                  _e_po8030d_set_vsync
                  0x0051d6                  _e_po8030d_set_sketch_mode
                  0x0051f2                  _e_po8030d_set_mirror
                  0x00522c                  _e_po8030d_set_awb_ae
                  0x005274                  _e_po8030d_set_rgb_gain
                  0x005298                  _e_po8030d_set_exposure
                  0x0052d8                  _e_po8030d_set_brightness
 .text            0x0052e8         0x76 build/default/production/_ext/1851510750/e_sub_dci_kickoff.o
                  0x0052e8                  _e_sub_dci_kickoff
 .text            0x00535e         0x3e build/default/production/_ext/1851510750/e_init_dci_master.o
                  0x00535e                  _e_init_dci_master
 .text            0x00539c         0xac build/default/production/_ext/1851510750/e_init_codec_slave.o
                  0x00539c                  _e_init_codec_slave
 .text            0x005448        0x166 build/default/production/_ext/397001055/e_micro.o
                  0x005448                  _e_get_micro
                  0x005460                  _e_get_micro_average
                  0x0054e0                  _e_get_micro_volume
                  0x005556                  _e_get_micro_last_values
 .text            0x0055ae        0xeaa build/default/production/_ext/2121333946/e_bluetooth.o
                  0x0055ae                  _e_bt_find_epuck
                  0x00573e                  _e_bt_connect_epuck
                  0x00576c                  _e_bt_reset
                  0x005824                  _e_bt_factory_reset
                  0x0058a8                  _e_bt_tranparent_mode
                  0x005932                  _e_bt_exit_tranparent_mode
                  0x005966                  _e_bt_read_local_pin_number
                  0x005a20                  _e_bt_read_local_name
                  0x005acc                  _e_bt_write_local_pin_number
                  0x005bac                  _e_bt_write_local_name
                  0x005c8e                  _e_bt_inquiry
                  0x005db8                  _e_bt_get_friendly_name
                  0x005ea6                  _e_bt_etablish_SPP_link
                  0x005f96                  _e_bt_release_SPP_link
                  0x0060be                  _e_bt_send_SPP_data
                  0x0061a8                  _e_bt_list_local_paired_device
                  0x006258                  _e_bt_remove_local_paired_device
                  0x00633a                  _e_bt_set_event_filter
                  0x0063d4                  _e_bt_get_event_filter
 .text            0x006458        0x28c build/default/production/_ext/1605571125/e_calc_po3030k.o
                  0x006458                  _e_po3030k_config_cam
                  0x0066ac                  _e_po3030k_get_bytes_per_pixel
 .text            0x0066e4        0x2c0 build/default/production/_ext/1605571125/e_calc_po6030k.o
                  0x0066e4                  _e_po6030k_config_cam
                  0x00696c                  _e_po6030k_get_bytes_per_pixel
 .text            0x0069a4        0x2c0 build/default/production/_ext/1605571125/e_calc_po8030d.o
                  0x0069a4                  _e_po8030d_config_cam
                  0x006c2c                  _e_po8030d_get_bytes_per_pixel
 .text            0x006c64        0x102 build/default/production/_ext/1605571125/e_timers.o
                  0x006c64                  __T5Interrupt
                  0x006cae                  _e_poxxxx_launch_capture
                  0x006cc6                  _e_poxxxx_apply_timer_config
                  0x006d5e                  _e_poxxxx_is_img_ready
 .text            0x006d66         0x2e build/default/production/_ext/1464817730/e_init_uart1.o
                  0x006d66                  _e_init_uart1
 .text            0x006d94         0x2c build/default/production/_ext/1464817730/e_init_uart2.o
                  0x006d94                  _e_init_uart2
 .text            0x006dc0         0x76 build/default/production/_ext/1851510750/e_isr_dci.o
                  0x006dc0                  __DCIInterrupt
 .text            0x006e36         0x38 build/default/production/_ext/1605571125/e_interrupt.o
                  0x006e36                  __T4Interrupt
 .text            0x006e6e        0x4ca build/default/production/_ext/623535137/e_lsm330.o
                  0x006e6e                  _writeReg
                  0x006e8c                  _readReg
                  0x006eaa                  _readRegMulti
                  0x006f68                  _initAccAndGyro
                  0x006fa8                  _getAllAxesAccRaw
                  0x006fc2                  _getAllAxesAcc
                  0x007040                  _getXAxisAcc
                  0x007074                  _getYAxisAcc
                  0x0070a8                  _getZAxisAcc
                  0x0070dc                  _getAllAxesGyroRaw
                  0x0070f6                  _getAllAxesGyro
                  0x007180                  _getXAxisGyro
                  0x0071b8                  _getYAxisGyro
                  0x0071f0                  _getZAxisGyro
                  0x007228                  _getTemperature
                  0x007236                  _calibrateGyroscope
                  0x007308                  _rawToDps
                  0x007320                  _rawToDpms
 .text            0x007338        0x740 build/default/production/_ext/1472/escape.o
                  0x007338                  _run_escape
                  0x007684                  _run_escape_dummy
                  0x00788e                  _run_ground_matlab
 .text            0x007a78         0x76 build/default/production/_ext/1472/main_esc.o
                  0x007a78                  _main
 .text            0x007aee        0x3e4 build/default/production/_ext/1472/util.o
                  0x007aee                  _waitforSignalChar
                  0x007b5c                  _getGroundSensor
                  0x007bc0                  _getmeanGround
                  0x007bfe                  _getmeanGroundAll
                  0x007c56                  _run
                  0x007c6e                  _turnToDirection
                  0x007d52                  _followGetSensorValues
                  0x007d8a                  _srandUtil
                  0x007db6                  __T1Interrupt
                  0x007dd4                  _InitTMR1
                  0x007dfa                  _change_LEDs
 .text            0x007ed2        0x2e8 build/default/production/_ext/1472/util_legacy.o
                  0x007ed2                  _detectFloorEvent
                  0x007f04                  _follow_sensor_calibrate
                  0x007fb8                  _detectDistanceEvent
                  0x00801a                  _getGaussian
                  0x00807a                  _showLED
                  0x00817c                  _calcMax

usercode
 *(usercode)

__FOSC            0xf80000          0x2
 *(__FOSC.sec)
 __FOSC.sec       0xf80000          0x2 build/default/production/_ext/250871475/e_init_port.o

__FWDT            0xf80002          0x2
 *(__FWDT.sec)
 __FWDT.sec       0xf80002          0x2 build/default/production/_ext/250871475/e_init_port.o

__FBORPOR         0xf80004          0x2
 *(__FBORPOR.sec)
 __FBORPOR.sec    0xf80004          0x2 build/default/production/_ext/250871475/e_init_port.o

__FBS
 *(__FBS.sec)

__FSS
 *(__FSS.sec)

__FGS             0xf8000a          0x2
 *(__FGS.sec)
 __FGS.sec        0xf8000a          0x2 FGS
                  0xf8000a                  __FGS.sec

__FUID0
 *(__FUID0.sec)

__FUID1
 *(__FUID1.sec)

__FUID2
 *(__FUID2.sec)

__FUID3
 *(__FUID3.sec)

user_eedata
 *(user_eedata)

userdata
 *(userdata)

.comment
 *(.comment)

.debug_info       0x000000       0xbcef
 *(.debug_info)
 .debug_info      0x000000         0x99 build/default/production/_ext/1472/DataEEPROM.o
 .debug_info      0x000099        0x60f build/default/production/_ext/530036627/e_led.o
 .debug_info      0x0006a8        0x56c build/default/production/_ext/530036627/e_motors.o
 .debug_info      0x000c14        0xfe2 build/default/production/_ext/397001055/e_ad_conv.o
 .debug_info      0x001bf6        0x386 build/default/production/_ext/2052775544/utility.o
 .debug_info      0x001f7c        0xa3c build/default/production/_ext/1017039718/e_I2C_master_module.o
 .debug_info      0x0029b8        0x608 build/default/production/_ext/1605571125/e_common.o
 .debug_info      0x002fc0        0x6ef build/default/production/_ext/397001055/e_acc.o
 .debug_info      0x0036af         0xae build/default/production/_ext/1464817730/e_uart1_tx_char.o
 .debug_info      0x00375d         0xae build/default/production/_ext/1464817730/e_uart2_tx_char.o
 .debug_info      0x00380b         0xae build/default/production/_ext/1464817730/e_uart2_rx_char.o
 .debug_info      0x0038b9         0xae build/default/production/_ext/1464817730/e_uart1_rx_char.o
 .debug_info      0x003967        0x840 build/default/production/_ext/530036627/e_remote_control.o
 .debug_info      0x0041a7        0xcc5 build/default/production/_ext/250871475/e_init_port.o
 .debug_info      0x004e6c        0x81a build/default/production/_ext/530036627/e_agenda.o
 .debug_info      0x005686        0x213 build/default/production/_ext/1017039718/e_I2C_protocol.o
 .debug_info      0x005899        0x275 build/default/production/_ext/397001055/e_prox.o
 .debug_info      0x005b0e        0x266 build/default/production/_ext/1851510750/e_sound.o
 .debug_info      0x005d74        0x646 build/default/production/_ext/1605571125/e_po6030k_registers.o
 .debug_info      0x0063ba        0xe2b build/default/production/_ext/1605571125/e_po3030k_registers.o
 .debug_info      0x0071e5        0x74a build/default/production/_ext/1605571125/e_po8030d_registers.o
 .debug_info      0x00792f         0xb1 build/default/production/_ext/1851510750/e_sub_dci_kickoff.o
 .debug_info      0x0079e0         0xb1 build/default/production/_ext/1851510750/e_init_dci_master.o
 .debug_info      0x007a91         0xb2 build/default/production/_ext/1851510750/e_init_codec_slave.o
 .debug_info      0x007b43        0x2c0 build/default/production/_ext/397001055/e_micro.o
 .debug_info      0x007e03        0xed5 build/default/production/_ext/2121333946/e_bluetooth.o
 .debug_info      0x008cd8        0x281 build/default/production/_ext/1605571125/e_calc_po3030k.o
 .debug_info      0x008f59        0x297 build/default/production/_ext/1605571125/e_calc_po6030k.o
 .debug_info      0x0091f0        0x297 build/default/production/_ext/1605571125/e_calc_po8030d.o
 .debug_info      0x009487        0x7de build/default/production/_ext/1605571125/e_timers.o
 .debug_info      0x009c65         0xab build/default/production/_ext/1464817730/e_init_uart1.o
 .debug_info      0x009d10         0xab build/default/production/_ext/1464817730/e_init_uart2.o
 .debug_info      0x009dbb         0xa9 build/default/production/_ext/1851510750/e_isr_dci.o
 .debug_info      0x009e64         0xb9 build/default/production/_ext/1605571125/e_interrupt.o
 .debug_info      0x009f1d        0x651 build/default/production/_ext/623535137/e_lsm330.o
 .debug_info      0x00a56e        0x586 build/default/production/_ext/1472/escape.o
 .debug_info      0x00aaf4        0x2ca build/default/production/_ext/1472/main_esc.o
 .debug_info      0x00adbe        0x901 build/default/production/_ext/1472/util.o
 .debug_info      0x00b6bf        0x35b build/default/production/_ext/1472/util_legacy.o
 .debug_info      0x00ba1a        0x100 c:/program files (x86)/microchip/mplab c30/bin/../lib\libpic30-elf.a(_exit.eo)
 .debug_info      0x00bb1a         0xdf c:/program files (x86)/microchip/mplab c30/bin/../lib\libpic30-elf.a(sbrk.eo)
 .debug_info      0x00bbf9         0xf6 c:/program files (x86)/microchip/mplab c30/bin/../lib\libpic30-elf.a(brk.eo)
 *(.gnu.linkonce.wi.*)

.debug_abbrev     0x000000       0x1d38
 *(.debug_abbrev)
 .debug_abbrev    0x000000         0x14 build/default/production/_ext/1472/DataEEPROM.o
 .debug_abbrev    0x000014        0x107 build/default/production/_ext/530036627/e_led.o
 .debug_abbrev    0x00011b        0x107 build/default/production/_ext/530036627/e_motors.o
 .debug_abbrev    0x000222        0x135 build/default/production/_ext/397001055/e_ad_conv.o
 .debug_abbrev    0x000357        0x125 build/default/production/_ext/2052775544/utility.o
 .debug_abbrev    0x00047c        0x172 build/default/production/_ext/1017039718/e_I2C_master_module.o
 .debug_abbrev    0x0005ee        0x15b build/default/production/_ext/1605571125/e_common.o
 .debug_abbrev    0x000749        0x190 build/default/production/_ext/397001055/e_acc.o
 .debug_abbrev    0x0008d9         0x14 build/default/production/_ext/1464817730/e_uart1_tx_char.o
 .debug_abbrev    0x0008ed         0x14 build/default/production/_ext/1464817730/e_uart2_tx_char.o
 .debug_abbrev    0x000901         0x14 build/default/production/_ext/1464817730/e_uart2_rx_char.o
 .debug_abbrev    0x000915         0x14 build/default/production/_ext/1464817730/e_uart1_rx_char.o
 .debug_abbrev    0x000929        0x11b build/default/production/_ext/530036627/e_remote_control.o
 .debug_abbrev    0x000a44         0xd4 build/default/production/_ext/250871475/e_init_port.o
 .debug_abbrev    0x000b18        0x153 build/default/production/_ext/530036627/e_agenda.o
 .debug_abbrev    0x000c6b         0x9c build/default/production/_ext/1017039718/e_I2C_protocol.o
 .debug_abbrev    0x000d07         0x99 build/default/production/_ext/397001055/e_prox.o
 .debug_abbrev    0x000da0         0xbd build/default/production/_ext/1851510750/e_sound.o
 .debug_abbrev    0x000e5d         0xd3 build/default/production/_ext/1605571125/e_po6030k_registers.o
 .debug_abbrev    0x000f30        0x12b build/default/production/_ext/1605571125/e_po3030k_registers.o
 .debug_abbrev    0x00105b         0xea build/default/production/_ext/1605571125/e_po8030d_registers.o
 .debug_abbrev    0x001145         0x14 build/default/production/_ext/1851510750/e_sub_dci_kickoff.o
 .debug_abbrev    0x001159         0x14 build/default/production/_ext/1851510750/e_init_dci_master.o
 .debug_abbrev    0x00116d         0x14 build/default/production/_ext/1851510750/e_init_codec_slave.o
 .debug_abbrev    0x001181         0xb3 build/default/production/_ext/397001055/e_micro.o
 .debug_abbrev    0x001234        0x17e build/default/production/_ext/2121333946/e_bluetooth.o
 .debug_abbrev    0x0013b2         0x87 build/default/production/_ext/1605571125/e_calc_po3030k.o
 .debug_abbrev    0x001439         0x87 build/default/production/_ext/1605571125/e_calc_po6030k.o
 .debug_abbrev    0x0014c0         0x87 build/default/production/_ext/1605571125/e_calc_po8030d.o
 .debug_abbrev    0x001547        0x135 build/default/production/_ext/1605571125/e_timers.o
 .debug_abbrev    0x00167c         0x14 build/default/production/_ext/1464817730/e_init_uart1.o
 .debug_abbrev    0x001690         0x14 build/default/production/_ext/1464817730/e_init_uart2.o
 .debug_abbrev    0x0016a4         0x14 build/default/production/_ext/1851510750/e_isr_dci.o
 .debug_abbrev    0x0016b8         0x14 build/default/production/_ext/1605571125/e_interrupt.o
 .debug_abbrev    0x0016cc        0x10f build/default/production/_ext/623535137/e_lsm330.o
 .debug_abbrev    0x0017db        0x126 build/default/production/_ext/1472/escape.o
 .debug_abbrev    0x001901         0xbc build/default/production/_ext/1472/main_esc.o
 .debug_abbrev    0x0019bd        0x14c build/default/production/_ext/1472/util.o
 .debug_abbrev    0x001b09         0xe8 build/default/production/_ext/1472/util_legacy.o
 .debug_abbrev    0x001bf1         0x64 c:/program files (x86)/microchip/mplab c30/bin/../lib\libpic30-elf.a(_exit.eo)
 .debug_abbrev    0x001c55         0x6a c:/program files (x86)/microchip/mplab c30/bin/../lib\libpic30-elf.a(sbrk.eo)
 .debug_abbrev    0x001cbf         0x79 c:/program files (x86)/microchip/mplab c30/bin/../lib\libpic30-elf.a(brk.eo)

.debug_line       0x000000       0x7d48
 *(.debug_line)
 .debug_line      0x000000         0x93 build/default/production/_ext/1472/DataEEPROM.o
 .debug_line      0x000093        0x58d build/default/production/_ext/530036627/e_led.o
 .debug_line      0x000620        0x559 build/default/production/_ext/530036627/e_motors.o
 .debug_line      0x000b79        0x713 build/default/production/_ext/397001055/e_ad_conv.o
 .debug_line      0x00128c        0x192 build/default/production/_ext/2052775544/utility.o
 .debug_line      0x00141e        0x4b5 build/default/production/_ext/1017039718/e_I2C_master_module.o
 .debug_line      0x0018d3        0x342 build/default/production/_ext/1605571125/e_common.o
 .debug_line      0x001c15        0x55b build/default/production/_ext/397001055/e_acc.o
 .debug_line      0x002170         0x82 build/default/production/_ext/1464817730/e_uart1_tx_char.o
 .debug_line      0x0021f2         0x82 build/default/production/_ext/1464817730/e_uart2_tx_char.o
 .debug_line      0x002274         0x73 build/default/production/_ext/1464817730/e_uart2_rx_char.o
 .debug_line      0x0022e7         0x73 build/default/production/_ext/1464817730/e_uart1_rx_char.o
 .debug_line      0x00235a        0x278 build/default/production/_ext/530036627/e_remote_control.o
 .debug_line      0x0025d2        0x333 build/default/production/_ext/250871475/e_init_port.o
 .debug_line      0x002905        0x405 build/default/production/_ext/530036627/e_agenda.o
 .debug_line      0x002d0a        0x1ea build/default/production/_ext/1017039718/e_I2C_protocol.o
 .debug_line      0x002ef4        0x1a8 build/default/production/_ext/397001055/e_prox.o
 .debug_line      0x00309c         0xfb build/default/production/_ext/1851510750/e_sound.o
 .debug_line      0x003197        0x555 build/default/production/_ext/1605571125/e_po6030k_registers.o
 .debug_line      0x0036ec        0xa55 build/default/production/_ext/1605571125/e_po3030k_registers.o
 .debug_line      0x004141        0x5d5 build/default/production/_ext/1605571125/e_po8030d_registers.o
 .debug_line      0x004716         0x8a build/default/production/_ext/1851510750/e_sub_dci_kickoff.o
 .debug_line      0x0047a0         0x72 build/default/production/_ext/1851510750/e_init_dci_master.o
 .debug_line      0x004812         0xaf build/default/production/_ext/1851510750/e_init_codec_slave.o
 .debug_line      0x0048c1        0x178 build/default/production/_ext/397001055/e_micro.o
 .debug_line      0x004a39        0xdd2 build/default/production/_ext/2121333946/e_bluetooth.o
 .debug_line      0x00580b        0x350 build/default/production/_ext/1605571125/e_calc_po3030k.o
 .debug_line      0x005b5b        0x370 build/default/production/_ext/1605571125/e_calc_po6030k.o
 .debug_line      0x005ecb        0x370 build/default/production/_ext/1605571125/e_calc_po8030d.o
 .debug_line      0x00623b        0x221 build/default/production/_ext/1605571125/e_timers.o
 .debug_line      0x00645c         0x64 build/default/production/_ext/1464817730/e_init_uart1.o
 .debug_line      0x0064c0         0x63 build/default/production/_ext/1464817730/e_init_uart2.o
 .debug_line      0x006523         0x1a build/default/production/_ext/1851510750/e_const_sound.o
 .debug_line      0x00653d         0x82 build/default/production/_ext/1851510750/e_isr_dci.o
 .debug_line      0x0065bf         0x75 build/default/production/_ext/1605571125/e_interrupt.o
 .debug_line      0x006634        0x4dd build/default/production/_ext/623535137/e_lsm330.o
 .debug_line      0x006b11        0x776 build/default/production/_ext/1472/escape.o
 .debug_line      0x007287        0x1c4 build/default/production/_ext/1472/main_esc.o
 .debug_line      0x00744b        0x47b build/default/production/_ext/1472/util.o
 .debug_line      0x0078c6        0x32d build/default/production/_ext/1472/util_legacy.o
 .debug_line      0x007bf3         0x76 c:/program files (x86)/microchip/mplab c30/bin/../lib\libpic30-elf.a(_exit.eo)
 .debug_line      0x007c69         0x78 c:/program files (x86)/microchip/mplab c30/bin/../lib\libpic30-elf.a(sbrk.eo)
 .debug_line      0x007ce1         0x67 c:/program files (x86)/microchip/mplab c30/bin/../lib\libpic30-elf.a(brk.eo)

.debug_frame      0x000000       0x149e
 *(.debug_frame)
 .debug_frame     0x000000        0x167 build/default/production/_ext/530036627/e_led.o
 .debug_frame     0x000167         0xb7 build/default/production/_ext/530036627/e_motors.o
 .debug_frame     0x00021e         0x77 build/default/production/_ext/397001055/e_ad_conv.o
 .debug_frame     0x000295         0x87 build/default/production/_ext/2052775544/utility.o
 .debug_frame     0x00031c         0xf7 build/default/production/_ext/1017039718/e_I2C_master_module.o
 .debug_frame     0x000413         0xb7 build/default/production/_ext/1605571125/e_common.o
 .debug_frame     0x0004ca         0xf7 build/default/production/_ext/397001055/e_acc.o
 .debug_frame     0x0005c1         0x77 build/default/production/_ext/530036627/e_remote_control.o
 .debug_frame     0x000638         0x47 build/default/production/_ext/250871475/e_init_port.o
 .debug_frame     0x00067f         0xa7 build/default/production/_ext/530036627/e_agenda.o
 .debug_frame     0x000726         0x77 build/default/production/_ext/1017039718/e_I2C_protocol.o
 .debug_frame     0x00079d         0x57 build/default/production/_ext/397001055/e_prox.o
 .debug_frame     0x0007f4         0x47 build/default/production/_ext/1851510750/e_sound.o
 .debug_frame     0x00083b        0x117 build/default/production/_ext/1605571125/e_po6030k_registers.o
 .debug_frame     0x000952        0x277 build/default/production/_ext/1605571125/e_po3030k_registers.o
 .debug_frame     0x000bc9        0x157 build/default/production/_ext/1605571125/e_po8030d_registers.o
 .debug_frame     0x000d20         0x57 build/default/production/_ext/397001055/e_micro.o
 .debug_frame     0x000d77        0x147 build/default/production/_ext/2121333946/e_bluetooth.o
 .debug_frame     0x000ebe         0x37 build/default/production/_ext/1605571125/e_calc_po3030k.o
 .debug_frame     0x000ef5         0x37 build/default/production/_ext/1605571125/e_calc_po6030k.o
 .debug_frame     0x000f2c         0x37 build/default/production/_ext/1605571125/e_calc_po8030d.o
 .debug_frame     0x000f63         0x77 build/default/production/_ext/1605571125/e_timers.o
 .debug_frame     0x000fda        0x137 build/default/production/_ext/623535137/e_lsm330.o
 .debug_frame     0x001111        0x155 build/default/production/_ext/1472/escape.o
 .debug_frame     0x001266         0x56 build/default/production/_ext/1472/main_esc.o
 .debug_frame     0x0012bc         0xf6 build/default/production/_ext/1472/util.o
 .debug_frame     0x0013b2         0x77 build/default/production/_ext/1472/util_legacy.o
 .debug_frame     0x001429         0x27 c:/program files (x86)/microchip/mplab c30/bin/../lib\libpic30-elf.a(_exit.eo)
 .debug_frame     0x001450         0x27 c:/program files (x86)/microchip/mplab c30/bin/../lib\libpic30-elf.a(sbrk.eo)
 .debug_frame     0x001477         0x27 c:/program files (x86)/microchip/mplab c30/bin/../lib\libpic30-elf.a(brk.eo)

.debug_str        0x000000        0x304
 *(.debug_str)
 .debug_str       0x000000         0x14 build/default/production/_ext/530036627/e_led.o
 .debug_str       0x000014         0x2c build/default/production/_ext/530036627/e_motors.o
 .debug_str       0x000040          0xd build/default/production/_ext/397001055/e_ad_conv.o
 .debug_str       0x00004d          0xd build/default/production/_ext/2052775544/utility.o
 .debug_str       0x00005a          0xd build/default/production/_ext/1017039718/e_I2C_master_module.o
 .debug_str       0x000067          0xd build/default/production/_ext/1605571125/e_common.o
 .debug_str       0x000074         0x3c build/default/production/_ext/397001055/e_acc.o
 .debug_str       0x0000b0          0xd build/default/production/_ext/530036627/e_remote_control.o
 .debug_str       0x0000bd          0xd build/default/production/_ext/250871475/e_init_port.o
 .debug_str       0x0000ca         0x1a build/default/production/_ext/530036627/e_agenda.o
 .debug_str       0x0000e4         0x18 build/default/production/_ext/1017039718/e_I2C_protocol.o
 .debug_str       0x0000fc         0x1b build/default/production/_ext/397001055/e_prox.o
 .debug_str       0x000117          0xd build/default/production/_ext/1851510750/e_sound.o
 .debug_str       0x000124         0x2b build/default/production/_ext/1605571125/e_po6030k_registers.o
 .debug_str       0x00014f         0x31 build/default/production/_ext/1605571125/e_po3030k_registers.o
 .debug_str       0x000180         0x2b build/default/production/_ext/1605571125/e_po8030d_registers.o
 .debug_str       0x0001ab         0x16 build/default/production/_ext/397001055/e_micro.o
 .debug_str       0x0001c1         0x37 build/default/production/_ext/2121333946/e_bluetooth.o
 .debug_str       0x0001f8         0x18 build/default/production/_ext/1605571125/e_calc_po3030k.o
 .debug_str       0x000210         0x18 build/default/production/_ext/1605571125/e_calc_po6030k.o
 .debug_str       0x000228         0x18 build/default/production/_ext/1605571125/e_calc_po8030d.o
 .debug_str       0x000240          0xd build/default/production/_ext/1605571125/e_timers.o
 .debug_str       0x00024d          0xd build/default/production/_ext/623535137/e_lsm330.o
 .debug_str       0x00025a         0x76 build/default/production/_ext/1472/escape.o
 .debug_str       0x0002d0          0xd build/default/production/_ext/1472/main_esc.o
 .debug_str       0x0002dd          0xd build/default/production/_ext/1472/util.o
 .debug_str       0x0002ea          0xd build/default/production/_ext/1472/util_legacy.o
 .debug_str       0x0002f7          0xd c:/program files (x86)/microchip/mplab c30/bin/../lib\libpic30-elf.a(_exit.eo)

.debug_loc
 *(.debug_loc)

.debug_macinfo
 *(.debug_macinfo)

.debug_pubnames
                  0x000000       0x1aa0
 *(.debug_pubnames)
 .debug_pubnames
                  0x000000        0x17d build/default/production/_ext/530036627/e_led.o
 .debug_pubnames
                  0x00017d         0xdc build/default/production/_ext/530036627/e_motors.o
 .debug_pubnames
                  0x000259        0x145 build/default/production/_ext/397001055/e_ad_conv.o
 .debug_pubnames
                  0x00039e         0x9a build/default/production/_ext/2052775544/utility.o
 .debug_pubnames
                  0x000438        0x112 build/default/production/_ext/1017039718/e_I2C_master_module.o
 .debug_pubnames
                  0x00054a         0xf7 build/default/production/_ext/1605571125/e_common.o
 .debug_pubnames
                  0x000641        0x172 build/default/production/_ext/397001055/e_acc.o
 .debug_pubnames
                  0x0007b3         0x8a build/default/production/_ext/530036627/e_remote_control.o
 .debug_pubnames
                  0x00083d         0x8c build/default/production/_ext/250871475/e_init_port.o
 .debug_pubnames
                  0x0008c9         0xdc build/default/production/_ext/530036627/e_agenda.o
 .debug_pubnames
                  0x0009a5         0x7a build/default/production/_ext/1017039718/e_I2C_protocol.o
 .debug_pubnames
                  0x000a1f         0x66 build/default/production/_ext/397001055/e_prox.o
 .debug_pubnames
                  0x000a85         0x46 build/default/production/_ext/1851510750/e_sound.o
 .debug_pubnames
                  0x000acb        0x17a build/default/production/_ext/1605571125/e_po6030k_registers.o
 .debug_pubnames
                  0x000c45        0x42b build/default/production/_ext/1605571125/e_po3030k_registers.o
 .debug_pubnames
                  0x001070        0x1c9 build/default/production/_ext/1605571125/e_po8030d_registers.o
 .debug_pubnames
                  0x001239         0x6d build/default/production/_ext/397001055/e_micro.o
 .debug_pubnames
                  0x0012a6        0x25b build/default/production/_ext/2121333946/e_bluetooth.o
 .debug_pubnames
                  0x001501         0x4d build/default/production/_ext/1605571125/e_calc_po3030k.o
 .debug_pubnames
                  0x00154e         0x4d build/default/production/_ext/1605571125/e_calc_po6030k.o
 .debug_pubnames
                  0x00159b         0x4d build/default/production/_ext/1605571125/e_calc_po8030d.o
 .debug_pubnames
                  0x0015e8         0xe0 build/default/production/_ext/1605571125/e_timers.o
 .debug_pubnames
                  0x0016c8        0x177 build/default/production/_ext/623535137/e_lsm330.o
 .debug_pubnames
                  0x00183f         0x5c build/default/production/_ext/1472/escape.o
 .debug_pubnames
                  0x00189b         0x2c build/default/production/_ext/1472/main_esc.o
 .debug_pubnames
                  0x0018c7         0xf8 build/default/production/_ext/1472/util.o
 .debug_pubnames
                  0x0019bf         0x83 build/default/production/_ext/1472/util_legacy.o
 .debug_pubnames
                  0x001a42         0x1c c:/program files (x86)/microchip/mplab c30/bin/../lib\libpic30-elf.a(_exit.eo)
 .debug_pubnames
                  0x001a5e         0x1b c:/program files (x86)/microchip/mplab c30/bin/../lib\libpic30-elf.a(sbrk.eo)
 .debug_pubnames
                  0x001a79         0x27 c:/program files (x86)/microchip/mplab c30/bin/../lib\libpic30-elf.a(brk.eo)

.debug_ranges
 *(.debug_ranges)

.debug_aranges    0x000000        0x4f8
 *(.debug_aranges)
 .debug_aranges
                  0x000000         0x18 build/default/production/_ext/1472/DataEEPROM.o
 .debug_aranges
                  0x000018         0x20 build/default/production/_ext/530036627/e_led.o
 .debug_aranges
                  0x000038         0x20 build/default/production/_ext/530036627/e_motors.o
 .debug_aranges
                  0x000058         0x20 build/default/production/_ext/397001055/e_ad_conv.o
 .debug_aranges
                  0x000078         0x20 build/default/production/_ext/2052775544/utility.o
 .debug_aranges
                  0x000098         0x20 build/default/production/_ext/1017039718/e_I2C_master_module.o
 .debug_aranges
                  0x0000b8         0x20 build/default/production/_ext/1605571125/e_common.o
 .debug_aranges
                  0x0000d8         0x20 build/default/production/_ext/397001055/e_acc.o
 .debug_aranges
                  0x0000f8         0x18 build/default/production/_ext/1464817730/e_uart1_tx_char.o
 .debug_aranges
                  0x000110         0x18 build/default/production/_ext/1464817730/e_uart2_tx_char.o
 .debug_aranges
                  0x000128         0x18 build/default/production/_ext/1464817730/e_uart2_rx_char.o
 .debug_aranges
                  0x000140         0x18 build/default/production/_ext/1464817730/e_uart1_rx_char.o
 .debug_aranges
                  0x000158         0x20 build/default/production/_ext/530036627/e_remote_control.o
 .debug_aranges
                  0x000178         0x20 build/default/production/_ext/250871475/e_init_port.o
 .debug_aranges
                  0x000198         0x20 build/default/production/_ext/530036627/e_agenda.o
 .debug_aranges
                  0x0001b8         0x20 build/default/production/_ext/1017039718/e_I2C_protocol.o
 .debug_aranges
                  0x0001d8         0x20 build/default/production/_ext/397001055/e_prox.o
 .debug_aranges
                  0x0001f8         0x20 build/default/production/_ext/1851510750/e_sound.o
 .debug_aranges
                  0x000218         0x20 build/default/production/_ext/1605571125/e_po6030k_registers.o
 .debug_aranges
                  0x000238         0x20 build/default/production/_ext/1605571125/e_po3030k_registers.o
 .debug_aranges
                  0x000258         0x20 build/default/production/_ext/1605571125/e_po8030d_registers.o
 .debug_aranges
                  0x000278         0x18 build/default/production/_ext/1851510750/e_sub_dci_kickoff.o
 .debug_aranges
                  0x000290         0x18 build/default/production/_ext/1851510750/e_init_dci_master.o
 .debug_aranges
                  0x0002a8         0x18 build/default/production/_ext/1851510750/e_init_codec_slave.o
 .debug_aranges
                  0x0002c0         0x20 build/default/production/_ext/397001055/e_micro.o
 .debug_aranges
                  0x0002e0         0x20 build/default/production/_ext/2121333946/e_bluetooth.o
 .debug_aranges
                  0x000300         0x20 build/default/production/_ext/1605571125/e_calc_po3030k.o
 .debug_aranges
                  0x000320         0x20 build/default/production/_ext/1605571125/e_calc_po6030k.o
 .debug_aranges
                  0x000340         0x20 build/default/production/_ext/1605571125/e_calc_po8030d.o
 .debug_aranges
                  0x000360         0x20 build/default/production/_ext/1605571125/e_timers.o
 .debug_aranges
                  0x000380         0x18 build/default/production/_ext/1464817730/e_init_uart1.o
 .debug_aranges
                  0x000398         0x18 build/default/production/_ext/1464817730/e_init_uart2.o
 .debug_aranges
                  0x0003b0         0x18 build/default/production/_ext/1851510750/e_isr_dci.o
 .debug_aranges
                  0x0003c8         0x18 build/default/production/_ext/1605571125/e_interrupt.o
 .debug_aranges
                  0x0003e0         0x20 build/default/production/_ext/623535137/e_lsm330.o
 .debug_aranges
                  0x000400         0x20 build/default/production/_ext/1472/escape.o
 .debug_aranges
                  0x000420         0x20 build/default/production/_ext/1472/main_esc.o
 .debug_aranges
                  0x000440         0x20 build/default/production/_ext/1472/util.o
 .debug_aranges
                  0x000460         0x20 build/default/production/_ext/1472/util_legacy.o
 .debug_aranges
                  0x000480         0x28 c:/program files (x86)/microchip/mplab c30/bin/../lib\libpic30-elf.a(_exit.eo)
 .debug_aranges
                  0x0004a8         0x28 c:/program files (x86)/microchip/mplab c30/bin/../lib\libpic30-elf.a(sbrk.eo)
 .debug_aranges
                  0x0004d0         0x28 c:/program files (x86)/microchip/mplab c30/bin/../lib\libpic30-elf.a(brk.eo)

.ivt              0x000004         0x7c
                  0x000004          0x4 LONG 0x119b8 DEFINED (__ReservedTrap0)?<code 336> (__ReservedTrap0):<code 336> (__DefaultInterrupt)
                  0x000006          0x4 LONG 0x119b8 DEFINED (__OscillatorFail)?<code 336> (__OscillatorFail):<code 336> (__DefaultInterrupt)
                  0x000008          0x4 LONG 0x119b8 DEFINED (__AddressError)?<code 336> (__AddressError):<code 336> (__DefaultInterrupt)
                  0x00000a          0x4 LONG 0x119b8 DEFINED (__StackError)?<code 336> (__StackError):<code 336> (__DefaultInterrupt)
                  0x00000c          0x4 LONG 0x119b8 DEFINED (__MathError)?<code 336> (__MathError):<code 336> (__DefaultInterrupt)
                  0x00000e          0x4 LONG 0x119b8 DEFINED (__ReservedTrap5)?<code 336> (__ReservedTrap5):<code 336> (__DefaultInterrupt)
                  0x000010          0x4 LONG 0x119b8 DEFINED (__ReservedTrap6)?<code 336> (__ReservedTrap6):<code 336> (__DefaultInterrupt)
                  0x000012          0x4 LONG 0x119b8 DEFINED (__ReservedTrap7)?<code 336> (__ReservedTrap7):<code 336> (__DefaultInterrupt)
                  0x000014          0x4 LONG 0x3aa2 DEFINED (__INT0Interrupt)?<code 336> (__INT0Interrupt):<code 336> (__DefaultInterrupt)
                  0x000016          0x4 LONG 0x119b8 DEFINED (__IC1Interrupt)?<code 336> (__IC1Interrupt):<code 336> (__DefaultInterrupt)
                  0x000018          0x4 LONG 0x119b8 DEFINED (__OC1Interrupt)?<code 336> (__OC1Interrupt):<code 336> (__DefaultInterrupt)
                  0x00001a          0x4 LONG 0x7db6 DEFINED (__T1Interrupt)?<code 336> (__T1Interrupt):<code 336> (__DefaultInterrupt)
                  0x00001c          0x4 LONG 0x119b8 DEFINED (__IC2Interrupt)?<code 336> (__IC2Interrupt):<code 336> (__DefaultInterrupt)
                  0x00001e          0x4 LONG 0x119b8 DEFINED (__OC2Interrupt)?<code 336> (__OC2Interrupt):<code 336> (__DefaultInterrupt)
                  0x000020          0x4 LONG 0x3e9c DEFINED (__T2Interrupt)?<code 336> (__T2Interrupt):<code 336> (__DefaultInterrupt)
                  0x000022          0x4 LONG 0x119b8 DEFINED (__T3Interrupt)?<code 336> (__T3Interrupt):<code 336> (__DefaultInterrupt)
                  0x000024          0x4 LONG 0x119b8 DEFINED (__SPI1Interrupt)?<code 336> (__SPI1Interrupt):<code 336> (__DefaultInterrupt)
                  0x000026          0x4 LONG 0x3a52 DEFINED (__U1RXInterrupt)?<code 336> (__U1RXInterrupt):<code 336> (__DefaultInterrupt)
                  0x000028          0x4 LONG 0x3950 DEFINED (__U1TXInterrupt)?<code 336> (__U1TXInterrupt):<code 336> (__DefaultInterrupt)
                  0x00002a          0x4 LONG 0x24cc DEFINED (__ADCInterrupt)?<code 336> (__ADCInterrupt):<code 336> (__DefaultInterrupt)
                  0x00002c          0x4 LONG 0x119b8 DEFINED (__NVMInterrupt)?<code 336> (__NVMInterrupt):<code 336> (__DefaultInterrupt)
                  0x00002e          0x4 LONG 0x119b8 DEFINED (__SI2CInterrupt)?<code 336> (__SI2CInterrupt):<code 336> (__DefaultInterrupt)
                  0x000030          0x4 LONG 0x2ea2 DEFINED (__MI2CInterrupt)?<code 336> (__MI2CInterrupt):<code 336> (__DefaultInterrupt)
                  0x000032          0x4 LONG 0x119b8 DEFINED (__CNInterrupt)?<code 336> (__CNInterrupt):<code 336> (__DefaultInterrupt)
                  0x000034          0x4 LONG 0x119b8 DEFINED (__INT1Interrupt)?<code 336> (__INT1Interrupt):<code 336> (__DefaultInterrupt)
                  0x000036          0x4 LONG 0x119b8 DEFINED (__IC7Interrupt)?<code 336> (__IC7Interrupt):<code 336> (__DefaultInterrupt)
                  0x000038          0x4 LONG 0x119b8 DEFINED (__IC8Interrupt)?<code 336> (__IC8Interrupt):<code 336> (__DefaultInterrupt)
                  0x00003a          0x4 LONG 0x119b8 DEFINED (__OC3Interrupt)?<code 336> (__OC3Interrupt):<code 336> (__DefaultInterrupt)
                  0x00003c          0x4 LONG 0x119b8 DEFINED (__OC4Interrupt)?<code 336> (__OC4Interrupt):<code 336> (__DefaultInterrupt)
                  0x00003e          0x4 LONG 0x6e36 DEFINED (__T4Interrupt)?<code 336> (__T4Interrupt):<code 336> (__DefaultInterrupt)
                  0x000040          0x4 LONG 0x6c64 DEFINED (__T5Interrupt)?<code 336> (__T5Interrupt):<code 336> (__DefaultInterrupt)
                  0x000042          0x4 LONG 0x119b8 DEFINED (__INT2Interrupt)?<code 336> (__INT2Interrupt):<code 336> (__DefaultInterrupt)
                  0x000044          0x4 LONG 0x3a10 DEFINED (__U2RXInterrupt)?<code 336> (__U2RXInterrupt):<code 336> (__DefaultInterrupt)
                  0x000046          0x4 LONG 0x39b0 DEFINED (__U2TXInterrupt)?<code 336> (__U2TXInterrupt):<code 336> (__DefaultInterrupt)
                  0x000048          0x4 LONG 0x119b8 DEFINED (__SPI2Interrupt)?<code 336> (__SPI2Interrupt):<code 336> (__DefaultInterrupt)
                  0x00004a          0x4 LONG 0x119b8 DEFINED (__C1Interrupt)?<code 336> (__C1Interrupt):<code 336> (__DefaultInterrupt)
                  0x00004c          0x4 LONG 0x119b8 DEFINED (__IC3Interrupt)?<code 336> (__IC3Interrupt):<code 336> (__DefaultInterrupt)
                  0x00004e          0x4 LONG 0x119b8 DEFINED (__IC4Interrupt)?<code 336> (__IC4Interrupt):<code 336> (__DefaultInterrupt)
                  0x000050          0x4 LONG 0x119b8 DEFINED (__IC5Interrupt)?<code 336> (__IC5Interrupt):<code 336> (__DefaultInterrupt)
                  0x000052          0x4 LONG 0x119b8 DEFINED (__IC6Interrupt)?<code 336> (__IC6Interrupt):<code 336> (__DefaultInterrupt)
                  0x000054          0x4 LONG 0x119b8 DEFINED (__OC5Interrupt)?<code 336> (__OC5Interrupt):<code 336> (__DefaultInterrupt)
                  0x000056          0x4 LONG 0x119b8 DEFINED (__OC6Interrupt)?<code 336> (__OC6Interrupt):<code 336> (__DefaultInterrupt)
                  0x000058          0x4 LONG 0x119b8 DEFINED (__OC7Interrupt)?<code 336> (__OC7Interrupt):<code 336> (__DefaultInterrupt)
                  0x00005a          0x4 LONG 0x119b8 DEFINED (__OC8Interrupt)?<code 336> (__OC8Interrupt):<code 336> (__DefaultInterrupt)
                  0x00005c          0x4 LONG 0x119b8 DEFINED (__INT3Interrupt)?<code 336> (__INT3Interrupt):<code 336> (__DefaultInterrupt)
                  0x00005e          0x4 LONG 0x119b8 DEFINED (__INT4Interrupt)?<code 336> (__INT4Interrupt):<code 336> (__DefaultInterrupt)
                  0x000060          0x4 LONG 0x119b8 DEFINED (__C2Interrupt)?<code 336> (__C2Interrupt):<code 336> (__DefaultInterrupt)
                  0x000062          0x4 LONG 0x119b8 DEFINED (__PWMInterrupt)?<code 336> (__PWMInterrupt):<code 336> (__DefaultInterrupt)
                  0x000064          0x4 LONG 0x119b8 DEFINED (__QEIInterrupt)?<code 336> (__QEIInterrupt):<code 336> (__DefaultInterrupt)
                  0x000066          0x4 LONG 0x6dc0 DEFINED (__DCIInterrupt)?<code 336> (__DCIInterrupt):<code 336> (__DefaultInterrupt)
                  0x000068          0x4 LONG 0x119b8 DEFINED (__LVDInterrupt)?<code 336> (__LVDInterrupt):<code 336> (__DefaultInterrupt)
                  0x00006a          0x4 LONG 0x119b8 DEFINED (__FLTAInterrupt)?<code 336> (__FLTAInterrupt):<code 336> (__DefaultInterrupt)
                  0x00006c          0x4 LONG 0x119b8 DEFINED (__FLTBInterrupt)?<code 336> (__FLTBInterrupt):<code 336> (__DefaultInterrupt)
                  0x00006e          0x4 LONG 0x119b8 DEFINED (__Interrupt45)?<code 336> (__Interrupt45):<code 336> (__DefaultInterrupt)
                  0x000070          0x4 LONG 0x119b8 DEFINED (__Interrupt46)?<code 336> (__Interrupt46):<code 336> (__DefaultInterrupt)
                  0x000072          0x4 LONG 0x119b8 DEFINED (__Interrupt47)?<code 336> (__Interrupt47):<code 336> (__DefaultInterrupt)
                  0x000074          0x4 LONG 0x119b8 DEFINED (__Interrupt48)?<code 336> (__Interrupt48):<code 336> (__DefaultInterrupt)
                  0x000076          0x4 LONG 0x119b8 DEFINED (__Interrupt49)?<code 336> (__Interrupt49):<code 336> (__DefaultInterrupt)
                  0x000078          0x4 LONG 0x119b8 DEFINED (__Interrupt50)?<code 336> (__Interrupt50):<code 336> (__DefaultInterrupt)
                  0x00007a          0x4 LONG 0x119b8 DEFINED (__Interrupt51)?<code 336> (__Interrupt51):<code 336> (__DefaultInterrupt)
                  0x00007c          0x4 LONG 0x119b8 DEFINED (__Interrupt52)?<code 336> (__Interrupt52):<code 336> (__DefaultInterrupt)
                  0x00007e          0x4 LONG 0x119b8 DEFINED (__Interrupt53)?<code 336> (__Interrupt53):<code 336> (__DefaultInterrupt)

.aivt             0x000084         0x7c
                  0x000084          0x4 LONG 0x119b8 DEFINED (__AltReservedTrap0)?<code 336> (__AltReservedTrap0):DEFINED (__ReservedTrap0)?<code 336> (__ReservedTrap0):<code 336> (__DefaultInterrupt)
                  0x000086          0x4 LONG 0x119b8 DEFINED (__AltOscillatorFail)?<code 336> (__AltOscillatorFail):DEFINED (__OscillatorFail)?<code 336> (__OscillatorFail):<code 336> (__DefaultInterrupt)
                  0x000088          0x4 LONG 0x119b8 DEFINED (__AltAddressError)?<code 336> (__AltAddressError):DEFINED (__AddressError)?<code 336> (__AddressError):<code 336> (__DefaultInterrupt)
                  0x00008a          0x4 LONG 0x119b8 DEFINED (__AltStackError)?<code 336> (__AltStackError):DEFINED (__StackError)?<code 336> (__StackError):<code 336> (__DefaultInterrupt)
                  0x00008c          0x4 LONG 0x119b8 DEFINED (__AltMathError)?<code 336> (__AltMathError):DEFINED (__MathError)?<code 336> (__MathError):<code 336> (__DefaultInterrupt)
                  0x00008e          0x4 LONG 0x119b8 DEFINED (__AltReservedTrap5)?<code 336> (__AltReservedTrap5):DEFINED (__ReservedTrap5)?<code 336> (__ReservedTrap5):<code 336> (__DefaultInterrupt)
                  0x000090          0x4 LONG 0x119b8 DEFINED (__AltReservedTrap6)?<code 336> (__AltReservedTrap6):DEFINED (__ReservedTrap6)?<code 336> (__ReservedTrap6):<code 336> (__DefaultInterrupt)
                  0x000092          0x4 LONG 0x119b8 DEFINED (__AltReservedTrap7)?<code 336> (__AltReservedTrap7):DEFINED (__ReservedTrap7)?<code 336> (__ReservedTrap7):<code 336> (__DefaultInterrupt)
                  0x000094          0x4 LONG 0x3aa2 DEFINED (__AltINT0Interrupt)?<code 336> (__AltINT0Interrupt):DEFINED (__INT0Interrupt)?<code 336> (__INT0Interrupt):<code 336> (__DefaultInterrupt)
                  0x000096          0x4 LONG 0x119b8 DEFINED (__AltIC1Interrupt)?<code 336> (__AltIC1Interrupt):DEFINED (__IC1Interrupt)?<code 336> (__IC1Interrupt):<code 336> (__DefaultInterrupt)
                  0x000098          0x4 LONG 0x119b8 DEFINED (__AltOC1Interrupt)?<code 336> (__AltOC1Interrupt):DEFINED (__OC1Interrupt)?<code 336> (__OC1Interrupt):<code 336> (__DefaultInterrupt)
                  0x00009a          0x4 LONG 0x7db6 DEFINED (__AltT1Interrupt)?<code 336> (__AltT1Interrupt):DEFINED (__T1Interrupt)?<code 336> (__T1Interrupt):<code 336> (__DefaultInterrupt)
                  0x00009c          0x4 LONG 0x119b8 DEFINED (__AltIC2Interrupt)?<code 336> (__AltIC2Interrupt):DEFINED (__IC2Interrupt)?<code 336> (__IC2Interrupt):<code 336> (__DefaultInterrupt)
                  0x00009e          0x4 LONG 0x119b8 DEFINED (__AltOC2Interrupt)?<code 336> (__AltOC2Interrupt):DEFINED (__OC2Interrupt)?<code 336> (__OC2Interrupt):<code 336> (__DefaultInterrupt)
                  0x0000a0          0x4 LONG 0x3e9c DEFINED (__AltT2Interrupt)?<code 336> (__AltT2Interrupt):DEFINED (__T2Interrupt)?<code 336> (__T2Interrupt):<code 336> (__DefaultInterrupt)
                  0x0000a2          0x4 LONG 0x119b8 DEFINED (__AltT3Interrupt)?<code 336> (__AltT3Interrupt):DEFINED (__T3Interrupt)?<code 336> (__T3Interrupt):<code 336> (__DefaultInterrupt)
                  0x0000a4          0x4 LONG 0x119b8 DEFINED (__AltSPI1Interrupt)?<code 336> (__AltSPI1Interrupt):DEFINED (__SPI1Interrupt)?<code 336> (__SPI1Interrupt):<code 336> (__DefaultInterrupt)
                  0x0000a6          0x4 LONG 0x3a52 DEFINED (__AltU1RXInterrupt)?<code 336> (__AltU1RXInterrupt):DEFINED (__U1RXInterrupt)?<code 336> (__U1RXInterrupt):<code 336> (__DefaultInterrupt)
                  0x0000a8          0x4 LONG 0x3950 DEFINED (__AltU1TXInterrupt)?<code 336> (__AltU1TXInterrupt):DEFINED (__U1TXInterrupt)?<code 336> (__U1TXInterrupt):<code 336> (__DefaultInterrupt)
                  0x0000aa          0x4 LONG 0x24cc DEFINED (__AltADCInterrupt)?<code 336> (__AltADCInterrupt):DEFINED (__ADCInterrupt)?<code 336> (__ADCInterrupt):<code 336> (__DefaultInterrupt)
                  0x0000ac          0x4 LONG 0x119b8 DEFINED (__AltNVMInterrupt)?<code 336> (__AltNVMInterrupt):DEFINED (__NVMInterrupt)?<code 336> (__NVMInterrupt):<code 336> (__DefaultInterrupt)
                  0x0000ae          0x4 LONG 0x119b8 DEFINED (__AltSI2CInterrupt)?<code 336> (__AltSI2CInterrupt):DEFINED (__SI2CInterrupt)?<code 336> (__SI2CInterrupt):<code 336> (__DefaultInterrupt)
                  0x0000b0          0x4 LONG 0x2ea2 DEFINED (__AltMI2CInterrupt)?<code 336> (__AltMI2CInterrupt):DEFINED (__MI2CInterrupt)?<code 336> (__MI2CInterrupt):<code 336> (__DefaultInterrupt)
                  0x0000b2          0x4 LONG 0x119b8 DEFINED (__AltCNInterrupt)?<code 336> (__AltCNInterrupt):DEFINED (__CNInterrupt)?<code 336> (__CNInterrupt):<code 336> (__DefaultInterrupt)
                  0x0000b4          0x4 LONG 0x119b8 DEFINED (__AltINT1Interrupt)?<code 336> (__AltINT1Interrupt):DEFINED (__INT1Interrupt)?<code 336> (__INT1Interrupt):<code 336> (__DefaultInterrupt)
                  0x0000b6          0x4 LONG 0x119b8 DEFINED (__AltIC7Interrupt)?<code 336> (__AltIC7Interrupt):DEFINED (__IC7Interrupt)?<code 336> (__IC7Interrupt):<code 336> (__DefaultInterrupt)
                  0x0000b8          0x4 LONG 0x119b8 DEFINED (__AltIC8Interrupt)?<code 336> (__AltIC8Interrupt):DEFINED (__IC8Interrupt)?<code 336> (__IC8Interrupt):<code 336> (__DefaultInterrupt)
                  0x0000ba          0x4 LONG 0x119b8 DEFINED (__AltOC3Interrupt)?<code 336> (__AltOC3Interrupt):DEFINED (__OC3Interrupt)?<code 336> (__OC3Interrupt):<code 336> (__DefaultInterrupt)
                  0x0000bc          0x4 LONG 0x119b8 DEFINED (__AltOC4Interrupt)?<code 336> (__AltOC4Interrupt):DEFINED (__OC4Interrupt)?<code 336> (__OC4Interrupt):<code 336> (__DefaultInterrupt)
                  0x0000be          0x4 LONG 0x6e36 DEFINED (__AltT4Interrupt)?<code 336> (__AltT4Interrupt):DEFINED (__T4Interrupt)?<code 336> (__T4Interrupt):<code 336> (__DefaultInterrupt)
                  0x0000c0          0x4 LONG 0x6c64 DEFINED (__AltT5Interrupt)?<code 336> (__AltT5Interrupt):DEFINED (__T5Interrupt)?<code 336> (__T5Interrupt):<code 336> (__DefaultInterrupt)
                  0x0000c2          0x4 LONG 0x119b8 DEFINED (__AltINT2Interrupt)?<code 336> (__AltINT2Interrupt):DEFINED (__INT2Interrupt)?<code 336> (__INT2Interrupt):<code 336> (__DefaultInterrupt)
                  0x0000c4          0x4 LONG 0x3a10 DEFINED (__AltU2RXInterrupt)?<code 336> (__AltU2RXInterrupt):DEFINED (__U2RXInterrupt)?<code 336> (__U2RXInterrupt):<code 336> (__DefaultInterrupt)
                  0x0000c6          0x4 LONG 0x39b0 DEFINED (__AltU2TXInterrupt)?<code 336> (__AltU2TXInterrupt):DEFINED (__U2TXInterrupt)?<code 336> (__U2TXInterrupt):<code 336> (__DefaultInterrupt)
                  0x0000c8          0x4 LONG 0x119b8 DEFINED (__AltSPI2Interrupt)?<code 336> (__AltSPI2Interrupt):DEFINED (__SPI2Interrupt)?<code 336> (__SPI2Interrupt):<code 336> (__DefaultInterrupt)
                  0x0000ca          0x4 LONG 0x119b8 DEFINED (__AltC1Interrupt)?<code 336> (__AltC1Interrupt):DEFINED (__C1Interrupt)?<code 336> (__C1Interrupt):<code 336> (__DefaultInterrupt)
                  0x0000cc          0x4 LONG 0x119b8 DEFINED (__AltIC3Interrupt)?<code 336> (__AltIC3Interrupt):DEFINED (__IC3Interrupt)?<code 336> (__IC3Interrupt):<code 336> (__DefaultInterrupt)
                  0x0000ce          0x4 LONG 0x119b8 DEFINED (__AltIC4Interrupt)?<code 336> (__AltIC4Interrupt):DEFINED (__IC4Interrupt)?<code 336> (__IC4Interrupt):<code 336> (__DefaultInterrupt)
                  0x0000d0          0x4 LONG 0x119b8 DEFINED (__AltIC5Interrupt)?<code 336> (__AltIC5Interrupt):DEFINED (__IC5Interrupt)?<code 336> (__IC5Interrupt):<code 336> (__DefaultInterrupt)
                  0x0000d2          0x4 LONG 0x119b8 DEFINED (__AltIC6Interrupt)?<code 336> (__AltIC6Interrupt):DEFINED (__IC6Interrupt)?<code 336> (__IC6Interrupt):<code 336> (__DefaultInterrupt)
                  0x0000d4          0x4 LONG 0x119b8 DEFINED (__AltOC5Interrupt)?<code 336> (__AltOC5Interrupt):DEFINED (__OC5Interrupt)?<code 336> (__OC5Interrupt):<code 336> (__DefaultInterrupt)
                  0x0000d6          0x4 LONG 0x119b8 DEFINED (__AltOC6Interrupt)?<code 336> (__AltOC6Interrupt):DEFINED (__OC6Interrupt)?<code 336> (__OC6Interrupt):<code 336> (__DefaultInterrupt)
                  0x0000d8          0x4 LONG 0x119b8 DEFINED (__AltOC7Interrupt)?<code 336> (__AltOC7Interrupt):DEFINED (__OC7Interrupt)?<code 336> (__OC7Interrupt):<code 336> (__DefaultInterrupt)
                  0x0000da          0x4 LONG 0x119b8 DEFINED (__AltOC8Interrupt)?<code 336> (__AltOC8Interrupt):DEFINED (__OC8Interrupt)?<code 336> (__OC8Interrupt):<code 336> (__DefaultInterrupt)
                  0x0000dc          0x4 LONG 0x119b8 DEFINED (__AltINT3Interrupt)?<code 336> (__AltINT3Interrupt):DEFINED (__INT3Interrupt)?<code 336> (__INT3Interrupt):<code 336> (__DefaultInterrupt)
                  0x0000de          0x4 LONG 0x119b8 DEFINED (__AltINT4Interrupt)?<code 336> (__AltINT4Interrupt):DEFINED (__INT4Interrupt)?<code 336> (__INT4Interrupt):<code 336> (__DefaultInterrupt)
                  0x0000e0          0x4 LONG 0x119b8 DEFINED (__AltC2Interrupt)?<code 336> (__AltC2Interrupt):DEFINED (__C2Interrupt)?<code 336> (__C2Interrupt):<code 336> (__DefaultInterrupt)
                  0x0000e2          0x4 LONG 0x119b8 DEFINED (__AltPWMInterrupt)?<code 336> (__AltPWMInterrupt):DEFINED (__PWMInterrupt)?<code 336> (__PWMInterrupt):<code 336> (__DefaultInterrupt)
                  0x0000e4          0x4 LONG 0x119b8 DEFINED (__AltQEIInterrupt)?<code 336> (__AltQEIInterrupt):DEFINED (__QEIInterrupt)?<code 336> (__QEIInterrupt):<code 336> (__DefaultInterrupt)
                  0x0000e6          0x4 LONG 0x6dc0 DEFINED (__AltDCIInterrupt)?<code 336> (__AltDCIInterrupt):DEFINED (__DCIInterrupt)?<code 336> (__DCIInterrupt):<code 336> (__DefaultInterrupt)
                  0x0000e8          0x4 LONG 0x119b8 DEFINED (__AltLVDInterrupt)?<code 336> (__AltLVDInterrupt):DEFINED (__LVDInterrupt)?<code 336> (__LVDInterrupt):<code 336> (__DefaultInterrupt)
                  0x0000ea          0x4 LONG 0x119b8 DEFINED (__AltFLTAInterrupt)?<code 336> (__AltFLTAInterrupt):DEFINED (__FLTAInterrupt)?<code 336> (__FLTAInterrupt):<code 336> (__DefaultInterrupt)
                  0x0000ec          0x4 LONG 0x119b8 DEFINED (__AltFLTBInterrupt)?<code 336> (__AltFLTBInterrupt):DEFINED (__FLTBInterrupt)?<code 336> (__FLTBInterrupt):<code 336> (__DefaultInterrupt)
                  0x0000ee          0x4 LONG 0x119b8 DEFINED (__AltInterrupt45)?<code 336> (__AltInterrupt45):DEFINED (__Interrupt45)?<code 336> (__Interrupt45):<code 336> (__DefaultInterrupt)
                  0x0000f0          0x4 LONG 0x119b8 DEFINED (__AltInterrupt46)?<code 336> (__AltInterrupt46):DEFINED (__Interrupt46)?<code 336> (__Interrupt46):<code 336> (__DefaultInterrupt)
                  0x0000f2          0x4 LONG 0x119b8 DEFINED (__AltInterrupt47)?<code 336> (__AltInterrupt47):DEFINED (__Interrupt47)?<code 336> (__Interrupt47):<code 336> (__DefaultInterrupt)
                  0x0000f4          0x4 LONG 0x119b8 DEFINED (__AltInterrupt48)?<code 336> (__AltInterrupt48):DEFINED (__Interrupt48)?<code 336> (__Interrupt48):<code 336> (__DefaultInterrupt)
                  0x0000f6          0x4 LONG 0x119b8 DEFINED (__AltInterrupt49)?<code 336> (__AltInterrupt49):DEFINED (__Interrupt49)?<code 336> (__Interrupt49):<code 336> (__DefaultInterrupt)
                  0x0000f8          0x4 LONG 0x119b8 DEFINED (__AltInterrupt50)?<code 336> (__AltInterrupt50):DEFINED (__Interrupt50)?<code 336> (__Interrupt50):<code 336> (__DefaultInterrupt)
                  0x0000fa          0x4 LONG 0x119b8 DEFINED (__AltInterrupt51)?<code 336> (__AltInterrupt51):DEFINED (__Interrupt51)?<code 336> (__Interrupt51):<code 336> (__DefaultInterrupt)
                  0x0000fc          0x4 LONG 0x119b8 DEFINED (__AltInterrupt52)?<code 336> (__AltInterrupt52):DEFINED (__Interrupt52)?<code 336> (__Interrupt52):<code 336> (__DefaultInterrupt)
                  0x0000fe          0x4 LONG 0x119b8 DEFINED (__AltInterrupt53)?<code 336> (__AltInterrupt53):DEFINED (__Interrupt53)?<code 336> (__Interrupt53):<code 336> (__DefaultInterrupt)
                    0x0000                  WREG0 = 0x0
                    0x0000                  _WREG0 = 0x0
                    0x0002                  WREG1 = 0x2
                    0x0002                  _WREG1 = 0x2
                    0x0004                  WREG2 = 0x4
                    0x0004                  _WREG2 = 0x4
                    0x0006                  WREG3 = 0x6
                    0x0006                  _WREG3 = 0x6
                    0x0008                  WREG4 = 0x8
                    0x0008                  _WREG4 = 0x8
                    0x000a                  WREG5 = 0xa
                    0x000a                  _WREG5 = 0xa
                    0x000c                  WREG6 = 0xc
                    0x000c                  _WREG6 = 0xc
                    0x000e                  WREG7 = 0xe
                    0x000e                  _WREG7 = 0xe
                    0x0010                  WREG8 = 0x10
                    0x0010                  _WREG8 = 0x10
                    0x0012                  WREG9 = 0x12
                    0x0012                  _WREG9 = 0x12
                    0x0014                  WREG10 = 0x14
                    0x0014                  _WREG10 = 0x14
                    0x0016                  WREG11 = 0x16
                    0x0016                  _WREG11 = 0x16
                    0x0018                  WREG12 = 0x18
                    0x0018                  _WREG12 = 0x18
                    0x001a                  WREG13 = 0x1a
                    0x001a                  _WREG13 = 0x1a
                    0x001c                  WREG14 = 0x1c
                    0x001c                  _WREG14 = 0x1c
                    0x001e                  WREG15 = 0x1e
                    0x001e                  _WREG15 = 0x1e
                    0x0020                  SPLIM = 0x20
                    0x0020                  _SPLIM = 0x20
                    0x0022                  ACCAL = 0x22
                    0x0022                  _ACCAL = 0x22
                    0x0024                  ACCAH = 0x24
                    0x0024                  _ACCAH = 0x24
                    0x0026                  ACCAU = 0x26
                    0x0026                  _ACCAU = 0x26
                    0x0028                  ACCBL = 0x28
                    0x0028                  _ACCBL = 0x28
                    0x002a                  ACCBH = 0x2a
                    0x002a                  _ACCBH = 0x2a
                    0x002c                  ACCBU = 0x2c
                    0x002c                  _ACCBU = 0x2c
                    0x002e                  PCL = 0x2e
                    0x002e                  _PCL = 0x2e
                    0x0030                  PCH = 0x30
                    0x0030                  _PCH = 0x30
                    0x0032                  TBLPAG = 0x32
                    0x0032                  _TBLPAG = 0x32
                    0x0034                  PSVPAG = 0x34
                    0x0034                  _PSVPAG = 0x34
                    0x0036                  RCOUNT = 0x36
                    0x0036                  _RCOUNT = 0x36
                    0x0038                  DCOUNT = 0x38
                    0x0038                  _DCOUNT = 0x38
                    0x003a                  DOSTARTL = 0x3a
                    0x003a                  _DOSTARTL = 0x3a
                    0x003c                  DOSTARTH = 0x3c
                    0x003c                  _DOSTARTH = 0x3c
                    0x003e                  DOENDL = 0x3e
                    0x003e                  _DOENDL = 0x3e
                    0x0040                  DOENDH = 0x40
                    0x0040                  _DOENDH = 0x40
                    0x0042                  SR = 0x42
                    0x0042                  _SR = 0x42
                    0x0044                  CORCON = 0x44
                    0x0044                  _CORCON = 0x44
                    0x0046                  MODCON = 0x46
                    0x0046                  _MODCON = 0x46
                    0x0048                  XMODSRT = 0x48
                    0x0048                  _XMODSRT = 0x48
                    0x004a                  XMODEND = 0x4a
                    0x004a                  _XMODEND = 0x4a
                    0x004c                  YMODSRT = 0x4c
                    0x004c                  _YMODSRT = 0x4c
                    0x004e                  YMODEND = 0x4e
                    0x004e                  _YMODEND = 0x4e
                    0x0050                  XBREV = 0x50
                    0x0050                  _XBREV = 0x50
                    0x0052                  DISICNT = 0x52
                    0x0052                  _DISICNT = 0x52
                    0x0080                  INTCON1 = 0x80
                    0x0080                  _INTCON1 = 0x80
                    0x0082                  INTCON2 = 0x82
                    0x0082                  _INTCON2 = 0x82
                    0x0084                  IFS0 = 0x84
                    0x0084                  _IFS0 = 0x84
                    0x0086                  IFS1 = 0x86
                    0x0086                  _IFS1 = 0x86
                    0x0088                  IFS2 = 0x88
                    0x0088                  _IFS2 = 0x88
                    0x008c                  IEC0 = 0x8c
                    0x008c                  _IEC0 = 0x8c
                    0x008e                  IEC1 = 0x8e
                    0x008e                  _IEC1 = 0x8e
                    0x0090                  IEC2 = 0x90
                    0x0090                  _IEC2 = 0x90
                    0x0094                  IPC0 = 0x94
                    0x0094                  _IPC0 = 0x94
                    0x0096                  IPC1 = 0x96
                    0x0096                  _IPC1 = 0x96
                    0x0098                  IPC2 = 0x98
                    0x0098                  _IPC2 = 0x98
                    0x009a                  IPC3 = 0x9a
                    0x009a                  _IPC3 = 0x9a
                    0x009c                  IPC4 = 0x9c
                    0x009c                  _IPC4 = 0x9c
                    0x009e                  IPC5 = 0x9e
                    0x009e                  _IPC5 = 0x9e
                    0x00a0                  IPC6 = 0xa0
                    0x00a0                  _IPC6 = 0xa0
                    0x00a2                  IPC7 = 0xa2
                    0x00a2                  _IPC7 = 0xa2
                    0x00a4                  IPC8 = 0xa4
                    0x00a4                  _IPC8 = 0xa4
                    0x00a6                  IPC9 = 0xa6
                    0x00a6                  _IPC9 = 0xa6
                    0x00a8                  IPC10 = 0xa8
                    0x00a8                  _IPC10 = 0xa8
                    0x00b0                  INTTREG = 0xb0
                    0x00b0                  _INTTREG = 0xb0
                    0x00c0                  CNEN1 = 0xc0
                    0x00c0                  _CNEN1 = 0xc0
                    0x00c2                  CNEN2 = 0xc2
                    0x00c2                  _CNEN2 = 0xc2
                    0x00c4                  CNPU1 = 0xc4
                    0x00c4                  _CNPU1 = 0xc4
                    0x00c6                  CNPU2 = 0xc6
                    0x00c6                  _CNPU2 = 0xc6
                    0x0100                  TMR1 = 0x100
                    0x0100                  _TMR1 = 0x100
                    0x0102                  PR1 = 0x102
                    0x0102                  _PR1 = 0x102
                    0x0104                  T1CON = 0x104
                    0x0104                  _T1CON = 0x104
                    0x0106                  TMR2 = 0x106
                    0x0106                  _TMR2 = 0x106
                    0x0108                  TMR3HLD = 0x108
                    0x0108                  _TMR3HLD = 0x108
                    0x010a                  TMR3 = 0x10a
                    0x010a                  _TMR3 = 0x10a
                    0x010c                  PR2 = 0x10c
                    0x010c                  _PR2 = 0x10c
                    0x010e                  PR3 = 0x10e
                    0x010e                  _PR3 = 0x10e
                    0x0110                  T2CON = 0x110
                    0x0110                  _T2CON = 0x110
                    0x0112                  T3CON = 0x112
                    0x0112                  _T3CON = 0x112
                    0x0114                  TMR4 = 0x114
                    0x0114                  _TMR4 = 0x114
                    0x0116                  TMR5HLD = 0x116
                    0x0116                  _TMR5HLD = 0x116
                    0x0118                  TMR5 = 0x118
                    0x0118                  _TMR5 = 0x118
                    0x011a                  PR4 = 0x11a
                    0x011a                  _PR4 = 0x11a
                    0x011c                  PR5 = 0x11c
                    0x011c                  _PR5 = 0x11c
                    0x011e                  T4CON = 0x11e
                    0x011e                  _T4CON = 0x11e
                    0x0120                  T5CON = 0x120
                    0x0120                  _T5CON = 0x120
                    0x0140                  IC1BUF = 0x140
                    0x0140                  _IC1BUF = 0x140
                    0x0142                  IC1CON = 0x142
                    0x0142                  _IC1CON = 0x142
                    0x0144                  IC2BUF = 0x144
                    0x0144                  _IC2BUF = 0x144
                    0x0146                  IC2CON = 0x146
                    0x0146                  _IC2CON = 0x146
                    0x0148                  IC3BUF = 0x148
                    0x0148                  _IC3BUF = 0x148